
> t@1.0.0 test
> jest

FAIL __tests__/ui/settings/index.test.tsx
  ● SettingsScreen › renders General section

    Unable to find an element with text: General

    [36m<View>[39m
      [36m<View>[39m
        [36m<View>[39m
          [36m<View>[39m
            [36m<Text[39m
              [33maccessibilityRole[39m=[32m"header"[39m
            [36m>[39m
              [0mSettings[0m
            [36m</Text>[39m
          [36m</View>[39m
        [36m</View>[39m
        [36m<ScrollView>[39m
          [36m<Text>[39m
            [0mBUSINESS[0m
          [36m</Text>[39m
          [36m<View>[39m
            [36m<Pressable>[39m
              [36m<View>[39m
                [36m<Text>[39m
                  [0mBusiness Profile[0m
                [36m</Text>[39m
                [36m<Text>[39m
                  [0mName, address, logo[0m
                [36m</Text>[39m
              [36m</View>[39m
              [36m<Text>[39m
                [0m›[0m
              [36m</Text>[39m
            [36m</Pressable>[39m
            [36m<Pressable>[39m
              [36m<View>[39m
                [36m<Text>[39m
                  [0mGST Settings[0m
                [36m</Text>[39m
                [36m<Text>[39m
                  [0mGSTIN, filing period, composite scheme[0m
                [36m</Text>[39m
              [36m</View>[39m
              [36m<Text>[39m
                [0m›[0m
              [36m</Text>[39m
            [36m</Pressable>[39m
            [36m<Pressable>[39m
              [36m<View>[39m
                [36m<Text>[39m
                  [0mManage Businesses[0m
                [36m</Text>[39m
                [36m<Text>[39m
                  [0mSwitch or add firms[0m
                [36m</Text>[39m
              [36m</View>[39m
              [36m<Text>[39m
                [0m›[0m
              [36m</Text>[39m
            [36m</Pressable>[39m
          [36m</View>[39m
          [36m<Text>[39m
            [0mTRANSACTIONS[0m
          [36m</Text>[39m
          [36m<View>[39m
            [36m<Pressable>[39m
              [36m<View>[39m
                [36m<Text>[39m
                  [0mTransaction Settings[0m
                [36m</Text>[39m
                [36m<Text>[39m
                  [0mInvoice number, defaults, fields[0m
                [36m</Text>[39m
              [36m</View>[39m
              [36m<Text>[39m
                [0m›[0m
              [36m</Text>[39m
            [36m</Pressable>[39m
            [36m<Pressable>[39m
              [36m<View>[39m
                [36m<Text>[39m
                  [0mPrint Settings[0m
                [36m</Text>[39m
                [36m<Text>[39m
                  [0mPaper type, theme, header, footer[0m
                [36m</Text>[39m
              [36m</View>[39m
              [36m<Text>[39m
                [0m›[0m
              [36m</Text>[39m
            [36m</Pressable>[39m
            [36m<Pressable>[39m
              [36m<View>[39m
                [36m<Text>[39m
                  [0mPayment Reminders[0m
                [36m</Text>[39m
                [36m<Text>[39m
                  [0mAuto-reminders via WhatsApp/SMS[0m
                [36m</Text>[39m
              [36m</View>[39m
              [36m<Text>[39m
                [0m›[0m
              [36m</Text>[39m
            [36m</Pressable>[39m
          [36m</View>[39m
          [36m<Text>[39m
            [0mCATALOGUE[0m
          [36m</Text>[39m
          [36m<View>[39m
            [36m<Pressable>[39m
              [36m<View>[39m
                [36m<Text>[39m
                  [0mParty Settings[0m
                [36m</Text>[39m
                [36m<Text>[39m
                  [0mGSTIN, grouping, additional fields[0m
                [36m</Text>[39m
              [36m</View>[39m
              [36m<Text>[39m
                [0m›[0m
              [36m</Text>[39m
            [36m</Pressable>[39m
            [36m<Pressable>[39m
              [36m<View>[39m
                [36m<Text>[39m
                  [0mItem Settings[0m
                [36m</Text>[39m
                [36m<Text>[39m
                  [0mStock, categories, tax, barcode[0m
                [36m</Text>[39m
              [36m</View>[39m
              [36m<Text>[39m
                [0m›[0m
              [36m</Text>[39m
            [36m</Pressable>[39m
          [36m</View>[39m
          [36m<Text>[39m
            [0mAPP[0m
          [36m</Text>[39m
          [36m<View>[39m
            [36m<Pressable>[39m
              [36m<View>[39m
                [36m<Text>[39m
                  [0mPreferences[0m
                [36m</Text>[39m
                [36m<Text>[39m
                  [0mLanguage, theme, date format[0m
                [36m</Text>[39m
              [36m</View>[39m
              [36m<Text>[39m
                [0m›[0m
              [36m</Text>[39m
            [36m</Pressable>[39m
            [36m<Pressable>[39m
              [36m<View>[39m
                [36m<Text>[39m
                  [0mSecurity[0m
                [36m</Text>[39m
                [36m<Text>[39m
                  [0mPIN, biometric, auto-lock[0m
                [36m</Text>[39m
              [36m</View>[39m
              [36m<Text>[39m
                [0m›[0m
              [36m</Text>[39m
            [36m</Pressable>[39m
            [36m<Pressable>[39m
              [36m<View>[39m
                [36m<Text>[39m
                  [0mBackup & Restore[0m
                [36m</Text>[39m
                [36m<Text>[39m
                  [0mGoogle Drive, local backup[0m
                [36m</Text>[39m
              [36m</View>[39m
              [36m<Text>[39m
                [0m›[0m
              [36m</Text>[39m
            [36m</Pressable>[39m
          [36m</View>[39m
          [36m<Text>[39m
            [0mTEAM[0m
          [36m</Text>[39m
          [36m<View>[39m
            [36m<Pressable>[39m
              [36m<View>[39m
                [36m<Text>[39m
                  [0mUser Management[0m
                [36m</Text>[39m
                [36m<Text>[39m
                  [0mInvite staff, track by user[0m
                [36m</Text>[39m
              [36m</View>[39m
              [36m<Text>[39m
                [0m›[0m
              [36m</Text>[39m
            [36m</Pressable>[39m
          [36m</View>[39m
        [36m</ScrollView>[39m
      [36m</View>[39m
    [36m</View>[39m

      19 | 	it('renders General section', () => {
      20 | 		const { getByText } = renderWithTheme(<SettingsScreen />);
    > 21 | 		expect(getByText('General')).toBeTruthy();
         | 		       ^
      22 | 	});
      23 |
      24 | 	it('renders without crashing', () => {

      at Object.getByText (__tests__/ui/settings/index.test.tsx:21:10)

FAIL src/components/organisms/__tests__/DashboardHeader.test.tsx
  ● DashboardHeader › renders the business initial and accessibility label

    expect(received).toContain(expected) // indexOf

    Matcher error: received value must not be null nor undefined

    Received has value: undefined

      15 | 		// Full name should be in the header's accessibility label
      16 | 		const header = getByRole('header');
    > 17 | 		expect(header.props.accessibilityLabel).toContain('Rupesh Tiles');
         | 		                                        ^
      18 | 	});
      19 |
      20 | 	it('renders greeting text', () => {

      at Object.toContain (src/components/organisms/__tests__/DashboardHeader.test.tsx:17:43)

  ● DashboardHeader › renders greeting text

    Unable to find an element with text: /greeting|Namaste|Welcome|🙏/i

    [36m<View[39m
      [33maccessibilityLabel[39m=[32m"Good Evening, My Tiles"[39m
      [33maccessibilityRole[39m=[32m"header"[39m
    [36m>[39m
      [36m<View>[39m
        [36m<View[39m
          [33maccessibilityLabel[39m=[32m"Business initial: M"[39m
          [33maccessible[39m=[32m{true}[39m
        [36m>[39m
          [36m<Text[39m
            [33maccessibilityRole[39m=[32m"header"[39m
          [36m>[39m
            [0mM[0m
          [36m</Text>[39m
        [36m</View>[39m
        [36m<View[39m
          [33mimportantForAccessibility[39m=[32m"no"[39m
        [36m>[39m
          [36m<View>[39m
            [36m<Text[39m
              [33mimportantForAccessibility[39m=[32m"no"[39m
            [36m>[39m
              [0mGood Evening[0m
            [36m</Text>[39m
            [36m<Text[39m
              [33mimportantForAccessibility[39m=[32m"no"[39m
            [36m>[39m
              [0mनमस्ते[0m
            [36m</Text>[39m
          [36m</View>[39m
          [36m<Text[39m
            [33mimportantForAccessibility[39m=[32m"no"[39m
          [36m>[39m
            [0mSaturday 11 April, 2026[0m
          [36m</Text>[39m
        [36m</View>[39m
        [36m<Pressable[39m
          [33maccessibilityLabel[39m=[32m"sync"[39m
          [33maccessibilityRole[39m=[32m"button"[39m
        [36m>[39m
          [36m<Icon />[39m
        [36m</Pressable>[39m
      [36m</View>[39m
      [36m<View[39m
        [33maccessibilityLabel[39m=[32m"Financial year: FY 2026-27 · Apr – Mar"[39m
        [33maccessible[39m=[32m{true}[39m
      [36m>[39m
        [36m<Text>[39m
          [0mFY 2026-27 · Apr – Mar[0m
        [36m</Text>[39m
      [36m</View>[39m
    [36m</View>[39m

      22 | 		// i18n mock returns last key segment, 'greeting' → 'greeting' or the translation
      23 | 		// The component uses t('dashboard.greeting') — expect some text to render
    > 24 | 		expect(getByText(/greeting|Namaste|Welcome|🙏/i)).toBeTruthy();
         | 		       ^
      25 | 	});
      26 |
      27 | 	it('renders date in the header', () => {

      at Object.getByText (src/components/organisms/__tests__/DashboardHeader.test.tsx:24:10)

PASS __tests__/ui/tabs/invoices.test.tsx
PASS __tests__/ui/finance/profit-loss.test.tsx
  ● Console

    console.error
      An update to ProfitLossScreen inside a test was not wrapped in act(...).
      
      When testing, code that causes React state updates should be wrapped into act(...):
      
      act(() => {
        /* fire events that update state */
      });
      /* assert on the output */
      
      This ensures that you're testing the behavior the user would see in the browser. Learn more at https://react.dev/link/wrap-tests-with-act

      53 | 						invoiceService.fetchInvoices(filters, page),
      54 | 					);
    > 55 | 					set((state) => {
         | 					^
      56 | 						if (page === 1) {
      57 | 							state.invoices = data;
      58 | 						} else {

      at node_modules/react-test-renderer/cjs/react-test-renderer.development.js:11801:19
      at runWithFiberInDEV (node_modules/react-test-renderer/cjs/react-test-renderer.development.js:1574:13)
      at warnIfUpdatesNotWrappedWithActDEV (node_modules/react-test-renderer/cjs/react-test-renderer.development.js:11800:9)
      at scheduleUpdateOnFiber (node_modules/react-test-renderer/cjs/react-test-renderer.development.js:10326:9)
      at forceStoreRerender (node_modules/react-test-renderer/cjs/react-test-renderer.development.js:3430:24)
      at node_modules/react-test-renderer/cjs/react-test-renderer.development.js:3415:41
      at listener (node_modules/zustand/vanilla.js:11:39)
          at Set.forEach (<anonymous>)
      at forEach (node_modules/zustand/vanilla.js:11:17)
      at apply (node_modules/zustand/middleware.js:372:10)
      at apply (node_modules/zustand/middleware/immer.js:8:15)
      at set (src/stores/invoiceStore.ts:55:6)
      at asyncGeneratorStep (node_modules/@babel/runtime/helpers/asyncToGenerator.js:3:17)
      at _next (node_modules/@babel/runtime/helpers/asyncToGenerator.js:17:9)

    console.error
      An update to ProfitLossScreen inside a test was not wrapped in act(...).
      
      When testing, code that causes React state updates should be wrapped into act(...):
      
      act(() => {
        /* fire events that update state */
      });
      /* assert on the output */
      
      This ensures that you're testing the behavior the user would see in the browser. Learn more at https://react.dev/link/wrap-tests-with-act

      53 | 						invoiceService.fetchInvoices(filters, page),
      54 | 					);
    > 55 | 					set((state) => {
         | 					^
      56 | 						if (page === 1) {
      57 | 							state.invoices = data;
      58 | 						} else {

      at node_modules/react-test-renderer/cjs/react-test-renderer.development.js:11801:19
      at runWithFiberInDEV (node_modules/react-test-renderer/cjs/react-test-renderer.development.js:1574:13)
      at warnIfUpdatesNotWrappedWithActDEV (node_modules/react-test-renderer/cjs/react-test-renderer.development.js:11800:9)
      at scheduleUpdateOnFiber (node_modules/react-test-renderer/cjs/react-test-renderer.development.js:10326:9)
      at forceStoreRerender (node_modules/react-test-renderer/cjs/react-test-renderer.development.js:3430:24)
      at node_modules/react-test-renderer/cjs/react-test-renderer.development.js:3415:41
      at listener (node_modules/zustand/vanilla.js:11:39)
          at Set.forEach (<anonymous>)
      at forEach (node_modules/zustand/vanilla.js:11:17)
      at apply (node_modules/zustand/middleware.js:372:10)
      at apply (node_modules/zustand/middleware/immer.js:8:15)
      at set (src/stores/invoiceStore.ts:55:6)
      at asyncGeneratorStep (node_modules/@babel/runtime/helpers/asyncToGenerator.js:3:17)
      at _next (node_modules/@babel/runtime/helpers/asyncToGenerator.js:17:9)

    console.error
      An update to ProfitLossScreen inside a test was not wrapped in act(...).
      
      When testing, code that causes React state updates should be wrapped into act(...):
      
      act(() => {
        /* fire events that update state */
      });
      /* assert on the output */
      
      This ensures that you're testing the behavior the user would see in the browser. Learn more at https://react.dev/link/wrap-tests-with-act

      53 | 						invoiceService.fetchInvoices(filters, page),
      54 | 					);
    > 55 | 					set((state) => {
         | 					^
      56 | 						if (page === 1) {
      57 | 							state.invoices = data;
      58 | 						} else {

      at node_modules/react-test-renderer/cjs/react-test-renderer.development.js:11801:19
      at runWithFiberInDEV (node_modules/react-test-renderer/cjs/react-test-renderer.development.js:1574:13)
      at warnIfUpdatesNotWrappedWithActDEV (node_modules/react-test-renderer/cjs/react-test-renderer.development.js:11800:9)
      at scheduleUpdateOnFiber (node_modules/react-test-renderer/cjs/react-test-renderer.development.js:10326:9)
      at forceStoreRerender (node_modules/react-test-renderer/cjs/react-test-renderer.development.js:3430:24)
      at node_modules/react-test-renderer/cjs/react-test-renderer.development.js:3415:41
      at listener (node_modules/zustand/vanilla.js:11:39)
          at Set.forEach (<anonymous>)
      at forEach (node_modules/zustand/vanilla.js:11:17)
      at apply (node_modules/zustand/middleware.js:372:10)
      at apply (node_modules/zustand/middleware/immer.js:8:15)
      at set (src/stores/invoiceStore.ts:55:6)
      at asyncGeneratorStep (node_modules/@babel/runtime/helpers/asyncToGenerator.js:3:17)
      at _next (node_modules/@babel/runtime/helpers/asyncToGenerator.js:17:9)

PASS __tests__/ui/dashboard/index.test.tsx
FAIL __tests__/ui/invoices/[id].test.tsx
  ● InvoiceDetailScreen › renders invoice details correctly

    Unable to find an element with text: /Amount Paid/i

    [36m<View>[39m
      [36m<View>[39m
        [36m<View>[39m
          [36m<View>[39m
            [36m<TouchableOpacity[39m
              [33maccessibilityLabel[39m=[32m"Go back"[39m
              [33maccessibilityRole[39m=[32m"button"[39m
            [36m>[39m
              [36m<Icon />[39m
            [36m</TouchableOpacity>[39m
            [36m<Text[39m
              [33maccessibilityRole[39m=[32m"header"[39m
            [36m>[39m
              [0mTM/2026-27/0001[0m
            [36m</Text>[39m
          [36m</View>[39m
          [36m<View>[39m
            [36m<TouchableOpacity[39m
              [33maccessibilityLabel[39m=[32m"more-options"[39m
              [33maccessibilityRole[39m=[32m"button"[39m
            [36m>[39m
              [36m<Icon />[39m
            [36m</TouchableOpacity>[39m
          [36m</View>[39m
        [36m</View>[39m
        [36m<ScrollView>[39m
          [36m<View>[39m
            [36m<View>[39m
              [36m<View[39m
                [33maccessibilityLabel[39m=[32m"Paid"[39m
                [33maccessible[39m=[32m{true}[39m
              [36m>[39m
                [36m<Text[39m
                  [33mimportantForAccessibility[39m=[32m"no"[39m
                [36m>[39m
                  [0mPaid[0m
                [36m</Text>[39m
              [36m</View>[39m
              [36m<Text[39m
                [33maccessibilityRole[39m=[32m"header"[39m
              [36m>[39m
                [0m₹11682[0m
              [36m</Text>[39m
            [36m</View>[39m
          [36m</View>[39m
          [36m<View>[39m
            [36m<View>[39m
              [36m<Text>[39m
                [0mTAX INVOICE[0m
              [36m</Text>[39m
              [36m<Text[39m
                [33maccessibilityRole[39m=[32m"header"[39m
              [36m>[39m
                [0mTest Customer[0m
              [36m</Text>[39m
            [36m</View>[39m
            [36m<View>[39m
              [36m<View>[39m
                [36m<Text>[39m
                  [0mInvoice No.[0m
                [36m</Text>[39m
                [36m<Text>[39m
                  [0mTM/2026-27/0001[0m
                [36m</Text>[39m
              [36m</View>[39m
              [36m<View>[39m
                [36m<Text>[39m
                  [0mInvoice Date[0m
                [36m</Text>[39m
                [36m<Text>[39m
                  [0m2026-03-22[0m
                [36m</Text>[39m
              [36m</View>[39m
            [36m</View>[39m
          [36m</View>[39m
          [36m<View>[39m
            [36m<View>[39m
              [36m<Text>[39m
                [0mBILLED TO[0m
              [36m</Text>[39m
            [36m</View>[39m
            [36m<View>[39m
              [36m<Text[39m
                [33maccessibilityRole[39m=[32m"header"[39m
              [36m>[39m
                [0mTest Customer[0m
              [36m</Text>[39m
            [36m</View>[39m
          [36m</View>[39m
          [36m<View>[39m
            [36m<View>[39m
              [36m<Text>[39m
                [0mITEM[0m
              [36m</Text>[39m
              [36m<Text>[39m
                [0mQTY[0m
              [36m</Text>[39m
              [36m<Text>[39m
                [0mRATE[0m
              [36m</Text>[39m
              [36m<Text>[39m
                [0mGST%[0m
              [36m</Text>[39m
              [36m<Text>[39m
                [0mAMT[0m
              [36m</Text>[39m
            [36m</View>[39m
            [36m<View>[39m
              [36m<View>[39m
                [36m<Text>[39m
                  [0mMarble gold[0m
                [36m</Text>[39m
              [36m</View>[39m
              [36m<Text>[39m
                [0m10[0m
              [36m</Text>[39m
              [36m<Text>[39m
                [0m₹1000[0m
              [36m</Text>[39m
              [36m<Text>[39m
                [0m%[0m
              [36m</Text>[39m
              [36m<Text>[39m
                [0m₹11682[0m
              [36m</Text>[39m
            [36m</View>[39m
          [36m</View>[39m
          [36m<View>[39m
            [36m<View>[39m
              [36m<Text>[39m
                [0mSUMMARY[0m
              [36m</Text>[39m
            [36m</View>[39m
            [36m<View>[39m
              [36m<View>[39m
                [36m<Text>[39m
                  [0mSubtotal[0m
                [36m</Text>[39m
                [36m<Text>[39m
                  [0m₹9900[0m
                [36m</Text>[39m
              [36m</View>[39m
              [36m<View>[39m
                [36m<Text>[39m
                  [0mCGST[0m
                [36m</Text>[39m
                [36m<Text>[39m
                  [0m₹891[0m
                [36m</Text>[39m
              [36m</View>[39m
              [36m<View>[39m
                [36m<Text>[39m
                  [0mSGST[0m
                [36m</Text>[39m
                [36m<Text>[39m
                  [0m₹891[0m
                [36m</Text>[39m
              [36m</View>[39m
              [36m<View[39m
                [33maccessible[39m=[32m{false}[39m
                [33mimportantForAccessibility[39m=[32m"no"[39m
              [36m/>[39m
              [36m<View>[39m
                [36m<Text>[39m
                  [0mGrand Total[0m
                [36m</Text>[39m
                [36m<Text>[39m
                  [0m₹11682[0m
                [36m</Text>[39m
              [36m</View>[39m
            [36m</View>[39m
          [36m</View>[39m
          [36m<View>[39m
            [36m<Text>[39m
              [0mRupees Eleven Thousand Six Hundred Eighty Two Only[0m
            [36m</Text>[39m
          [36m</View>[39m
          [36m<View>[39m
            [36m<TouchableOpacity[39m
              [33maccessibilityLabel[39m=[32m"Toggle payment history"[39m
              [33maccessibilityRole[39m=[32m"button"[39m
            [36m>[39m
              [36m<Text>[39m
                [0mPAYMENTS[0m
              [36m</Text>[39m
              [36m<Icon />[39m
            [36m</TouchableOpacity>[39m
            [36m<View>[39m
              [36m<View>[39m
                [36m<Text>[39m
                  [0mAmount Received[0m
                [36m</Text>[39m
                [36m<Text>[39m
                  [0m₹11682[0m
                [36m</Text>[39m
              [36m</View>[39m
              [36m<View[39m
                [33maccessible[39m=[32m{false}[39m
                [33mimportantForAccessibility[39m=[32m"no"[39m
              [36m/>[39m
              [36m<View>[39m
                [36m<Text>[39m
                  [0mTotal Received[0m
                [36m</Text>[39m
                [36m<Text>[39m
                  [0m₹11682[0m
                [36m</Text>[39m
              [36m</View>[39m
              [36m<View>[39m
                [36m<Text>[39m
                  [0mBalance Due[0m
                [36m</Text>[39m
                [36m<Text>[39m
                  [0m₹0[0m
                [36m</Text>[39m
              [36m</View>[39m
            [36m</View>[39m
          [36m</View>[39m
        [36m</ScrollView>[39m
        [36m<View>[39m
          [36m<View>[39m
            [36m<View>[39m
              [36m<Pressable[39m
                [33maccessibilityLabel[39m=[32m"share-pdf-button"[39m
                [33maccessibilityRole[39m=[32m"button"[39m
                [33maccessibilityState[39m=[32m{
                  {
                    "busy": false,
                    "disabled": false,
                  }
                }[39m
              [36m>[39m
                [36m<Icon />[39m
                [36m<Text>[39m
                  [0mShare PDF[0m
                [36m</Text>[39m
              [36m</Pressable>[39m
            [36m</View>[39m
            [36m<TouchableOpacity[39m
              [33maccessibilityLabel[39m=[32m"print-invoice"[39m
              [33maccessibilityRole[39m=[32m"button"[39m
            [36m>[39m
              [36m<Icon />[39m
            [36m</TouchableOpacity>[39m
            [36m<TouchableOpacity[39m
              [33maccessibilityLabel[39m=[32m"edit-invoice"[39m
              [33maccessibilityRole[39m=[32m"button"[39m
            [36m>[39m
              [36m<Icon />[39m
            [36m</TouchableOpacity>[39m
          [36m</View>[39m
        [36m</View>[39m
      [36m</View>[39m
    [36m</View>[39m

      64 | 		const { getByText, getAllByText } = renderWithTheme(<InvoiceDetailScreen />);
      65 |
    > 66 | 		await waitFor(() => {
         | 		             ^
      67 | 			expect(getAllByText('TM/2026-27/0001')[0]).toBeTruthy();
      68 | 			expect(getAllByText('Test Customer')[0]).toBeTruthy();
      69 | 			expect(getAllByText(/Amount Paid/i).length).toBeGreaterThan(0);

      at Object.<anonymous> (__tests__/ui/invoices/[id].test.tsx:66:16)
      at asyncGeneratorStep (node_modules/@babel/runtime/helpers/asyncToGenerator.js:3:17)
      at _next (node_modules/@babel/runtime/helpers/asyncToGenerator.js:17:9)
      at node_modules/@babel/runtime/helpers/asyncToGenerator.js:22:7
      at Object.<anonymous> (node_modules/@babel/runtime/helpers/asyncToGenerator.js:14:12)

PASS src/stores/customerStore.test.ts
PASS src/stores/inventoryStore.test.ts
PASS __tests__/ui/inventory/stock-op.test.tsx
  ● Console

    console.error
      [ERROR] error Error: Network Error
          at Object.<anonymous> (/Users/rupesh-20594/Documents/T/__tests__/ui/inventory/stock-op.test.tsx:156:67)
          at Generator.next (<anonymous>)
          at asyncGeneratorStep (/Users/rupesh-20594/Documents/T/node_modules/@babel/runtime/helpers/asyncToGenerator.js:3:17)
          at _next (/Users/rupesh-20594/Documents/T/node_modules/@babel/runtime/helpers/asyncToGenerator.js:17:9)
          at /Users/rupesh-20594/Documents/T/node_modules/@babel/runtime/helpers/asyncToGenerator.js:22:7
          at new Promise (<anonymous>)
          at Object.<anonymous> (/Users/rupesh-20594/Documents/T/node_modules/@babel/runtime/helpers/asyncToGenerator.js:14:12)
          at Promise.then.completed (/Users/rupesh-20594/Documents/T/node_modules/jest-circus/build/utils.js:298:28)
          at new Promise (<anonymous>)
          at callAsyncCircusFn (/Users/rupesh-20594/Documents/T/node_modules/jest-circus/build/utils.js:231:10)
          at _callCircusTest (/Users/rupesh-20594/Documents/T/node_modules/jest-circus/build/run.js:316:40)
          at _runTest (/Users/rupesh-20594/Documents/T/node_modules/jest-circus/build/run.js:252:3)
          at _runTestsForDescribeBlock (/Users/rupesh-20594/Documents/T/node_modules/jest-circus/build/run.js:126:9)
          at _runTestsForDescribeBlock (/Users/rupesh-20594/Documents/T/node_modules/jest-circus/build/run.js:121:9)
          at run (/Users/rupesh-20594/Documents/T/node_modules/jest-circus/build/run.js:71:3)
          at runAndTransformResultsToJestFormat (/Users/rupesh-20594/Documents/T/node_modules/jest-circus/build/legacy-code-todo-rewrite/jestAdapterInit.js:122:21)
          at jestAdapter (/Users/rupesh-20594/Documents/T/node_modules/jest-circus/build/legacy-code-todo-rewrite/jestAdapter.js:79:19)
          at runTestInternal (/Users/rupesh-20594/Documents/T/node_modules/jest-runner/build/runTest.js:367:16)
          at runTest (/Users/rupesh-20594/Documents/T/node_modules/jest-runner/build/runTest.js:444:34)
          at Object.worker (/Users/rupesh-20594/Documents/T/node_modules/jest-runner/build/testWorker.js:106:12) undefined

      21 |
      22 | 	error(msg: string, error?: Error | unknown, meta?: LogMeta) {
    > 23 | 		console.error(`[ERROR] ${msg}`, error, meta);
         | 		        ^
      24 | 		// TODO: Wire to Sentry/Datadog when ready
      25 | 	},
      26 | };

      at Object.error (src/utils/logger.ts:23:11)
      at error (/Users/rupesh-20594/Documents/T/app/(app)../../../../inventory/stock-op.tsx:61:13)

PASS __tests__/ui/invoices/create.test.tsx
  ● Console

    console.error
      [ERROR] Failed to create invoice Error: Schema error
          at Object.<anonymous> (/Users/rupesh-20594/Documents/T/__tests__/ui/invoices/create.test.tsx:215:39)
          at Generator.next (<anonymous>)
          at asyncGeneratorStep (/Users/rupesh-20594/Documents/T/node_modules/@babel/runtime/helpers/asyncToGenerator.js:3:17)
          at _next (/Users/rupesh-20594/Documents/T/node_modules/@babel/runtime/helpers/asyncToGenerator.js:17:9)
          at /Users/rupesh-20594/Documents/T/node_modules/@babel/runtime/helpers/asyncToGenerator.js:22:7
          at new Promise (<anonymous>)
          at Object.<anonymous> (/Users/rupesh-20594/Documents/T/node_modules/@babel/runtime/helpers/asyncToGenerator.js:14:12)
          at Promise.then.completed (/Users/rupesh-20594/Documents/T/node_modules/jest-circus/build/utils.js:298:28)
          at new Promise (<anonymous>)
          at callAsyncCircusFn (/Users/rupesh-20594/Documents/T/node_modules/jest-circus/build/utils.js:231:10)
          at _callCircusTest (/Users/rupesh-20594/Documents/T/node_modules/jest-circus/build/run.js:316:40)
          at _runTest (/Users/rupesh-20594/Documents/T/node_modules/jest-circus/build/run.js:252:3)
          at _runTestsForDescribeBlock (/Users/rupesh-20594/Documents/T/node_modules/jest-circus/build/run.js:126:9)
          at _runTestsForDescribeBlock (/Users/rupesh-20594/Documents/T/node_modules/jest-circus/build/run.js:121:9)
          at run (/Users/rupesh-20594/Documents/T/node_modules/jest-circus/build/run.js:71:3)
          at runAndTransformResultsToJestFormat (/Users/rupesh-20594/Documents/T/node_modules/jest-circus/build/legacy-code-todo-rewrite/jestAdapterInit.js:122:21)
          at jestAdapter (/Users/rupesh-20594/Documents/T/node_modules/jest-circus/build/legacy-code-todo-rewrite/jestAdapter.js:79:19)
          at runTestInternal (/Users/rupesh-20594/Documents/T/node_modules/jest-runner/build/runTest.js:367:16)
          at runTest (/Users/rupesh-20594/Documents/T/node_modules/jest-runner/build/runTest.js:444:34)
          at Object.worker (/Users/rupesh-20594/Documents/T/node_modules/jest-runner/build/testWorker.js:106:12) undefined

      21 |
      22 | 	error(msg: string, error?: Error | unknown, meta?: LogMeta) {
    > 23 | 		console.error(`[ERROR] ${msg}`, error, meta);
         | 		        ^
      24 | 		// TODO: Wire to Sentry/Datadog when ready
      25 | 	},
      26 | };

      at Object.error (src/utils/logger.ts:23:11)
      at error (src/features/invoice-create/useInvoiceCreateFlow.ts:156:11)
          at Generator.throw (<anonymous>)
      at asyncGeneratorStep (node_modules/@babel/runtime/helpers/asyncToGenerator.js:3:17)
      at _throw (node_modules/@babel/runtime/helpers/asyncToGenerator.js:20:9)

PASS __tests__/accessibility/dashboard.test.tsx
PASS src/components/molecules/__tests__/AmountInput.test.tsx
PASS __tests__/ui/orders/detail.test.tsx
PASS __tests__/performance/renders.test.tsx
PASS src/hooks/__tests__/useLocale.test.ts
PASS __tests__/ui/navigation/inventoryTab.nav.test.tsx
PASS src/repositories/__tests__/baseRepository.test.ts
  ● Console

    console.info
      [INFO] db_query { table: 'test_table', op: 'findById', duration_ms: 0 }

      at Object.info (src/utils/logger.ts:15:24)

    console.info
      [INFO] db_query { table: 'test_table', op: 'findById', duration_ms: 1 }

      at Object.info (src/utils/logger.ts:15:24)

    console.info
      [INFO] db_query { table: 'test_table', op: 'create', duration_ms: 1 }

      at Object.info (src/utils/logger.ts:15:24)

    console.info
      [INFO] db_query { table: 'test_table', op: 'update', duration_ms: 0 }

      at Object.info (src/utils/logger.ts:15:24)

    console.info
      [INFO] db_query { table: 'test_table', op: 'remove', duration_ms: 0 }

      at Object.info (src/utils/logger.ts:15:24)

    console.info
      [INFO] db_query { table: 'test_table', op: 'remove', duration_ms: 0 }

      at Object.info (src/utils/logger.ts:15:24)

    console.info
      [INFO] db_query { table: 'test_table', op: 'findMany', duration_ms: 0 }

      at Object.info (src/utils/logger.ts:15:24)

    console.info
      [INFO] db_query { table: 'test_table', op: 'findMany', duration_ms: 0 }

      at Object.info (src/utils/logger.ts:15:24)

    console.info
      [INFO] db_query { table: 'test_table', op: 'findMany', duration_ms: 1 }

      at Object.info (src/utils/logger.ts:15:24)

    console.info
      [INFO] db_query { table: 'test_table', op: 'findMany', duration_ms: 0 }

      at Object.info (src/utils/logger.ts:15:24)

    console.info
      [INFO] db_query { table: 'test_table', op: 'findMany', duration_ms: 0 }

      at Object.info (src/utils/logger.ts:15:24)

    console.info
      [INFO] db_query { table: 'test_table', op: 'findMany', duration_ms: 0 }

      at Object.info (src/utils/logger.ts:15:24)

    console.info
      [INFO] db_query { table: 'test_table', op: 'findMany', duration_ms: 0 }

      at Object.info (src/utils/logger.ts:15:24)

    console.info
      [INFO] db_query { table: 'test_table', op: 'findMany', duration_ms: 0 }

      at Object.info (src/utils/logger.ts:15:24)

PASS __tests__/ui/suppliers/index.test.tsx
  ● Console

    console.info
      [INFO] db_query { table: 'suppliers', op: 'findMany', duration_ms: 12 }

      at Object.info (src/utils/logger.ts:15:24)

    console.error
      An update to SupplierListScreen inside a test was not wrapped in act(...).
      
      When testing, code that causes React state updates should be wrapped into act(...):
      
      act(() => {
        /* fire events that update state */
      });
      /* assert on the output */
      
      This ensures that you're testing the behavior the user would see in the browser. Learn more at https://react.dev/link/wrap-tests-with-act

      59 | 					sort: { column: 'name', ascending: true },
      60 | 				});
    > 61 | 				setSuppliers(result.data);
         | 				^
      62 | 			} catch (e: unknown) {
      63 | 				Alert.alert(
      64 | 					t('common.errorTitle'),

      at node_modules/react-test-renderer/cjs/react-test-renderer.development.js:11801:19
      at runWithFiberInDEV (node_modules/react-test-renderer/cjs/react-test-renderer.development.js:1574:13)
      at warnIfUpdatesNotWrappedWithActDEV (node_modules/react-test-renderer/cjs/react-test-renderer.development.js:11800:9)
      at scheduleUpdateOnFiber (node_modules/react-test-renderer/cjs/react-test-renderer.development.js:10326:9)
      at dispatchSetStateInternal (node_modules/react-test-renderer/cjs/react-test-renderer.development.js:4148:13)
      at dispatchSetState (node_modules/react-test-renderer/cjs/react-test-renderer.development.js:4107:7)
      at setSuppliers (/Users/rupesh-20594/Documents/T/app/(app)../../../../suppliers/index.tsx:61:5)
      at asyncGeneratorStep (node_modules/@babel/runtime/helpers/asyncToGenerator.js:3:17)
      at _next (node_modules/@babel/runtime/helpers/asyncToGenerator.js:17:9)

    console.error
      An update to SupplierListScreen inside a test was not wrapped in act(...).
      
      When testing, code that causes React state updates should be wrapped into act(...):
      
      act(() => {
        /* fire events that update state */
      });
      /* assert on the output */
      
      This ensures that you're testing the behavior the user would see in the browser. Learn more at https://react.dev/link/wrap-tests-with-act

      67 | 				);
      68 | 			} finally {
    > 69 | 				setLoading(false);
         | 				^
      70 | 			}
      71 | 		},
      72 | 		// eslint-disable-next-line react-hooks/exhaustive-deps

      at node_modules/react-test-renderer/cjs/react-test-renderer.development.js:11801:19
      at runWithFiberInDEV (node_modules/react-test-renderer/cjs/react-test-renderer.development.js:1574:13)
      at warnIfUpdatesNotWrappedWithActDEV (node_modules/react-test-renderer/cjs/react-test-renderer.development.js:11800:9)
      at scheduleUpdateOnFiber (node_modules/react-test-renderer/cjs/react-test-renderer.development.js:10326:9)
      at dispatchSetStateInternal (node_modules/react-test-renderer/cjs/react-test-renderer.development.js:4148:13)
      at dispatchSetState (node_modules/react-test-renderer/cjs/react-test-renderer.development.js:4107:7)
      at setLoading (/Users/rupesh-20594/Documents/T/app/(app)../../../../suppliers/index.tsx:69:5)
      at asyncGeneratorStep (node_modules/@babel/runtime/helpers/asyncToGenerator.js:3:17)
      at _next (node_modules/@babel/runtime/helpers/asyncToGenerator.js:17:9)

    console.info
      [INFO] db_query { table: 'suppliers', op: 'findMany', duration_ms: 4 }

      at Object.info (src/utils/logger.ts:15:24)

    console.error
      An update to SupplierListScreen inside a test was not wrapped in act(...).
      
      When testing, code that causes React state updates should be wrapped into act(...):
      
      act(() => {
        /* fire events that update state */
      });
      /* assert on the output */
      
      This ensures that you're testing the behavior the user would see in the browser. Learn more at https://react.dev/link/wrap-tests-with-act

      59 | 					sort: { column: 'name', ascending: true },
      60 | 				});
    > 61 | 				setSuppliers(result.data);
         | 				^
      62 | 			} catch (e: unknown) {
      63 | 				Alert.alert(
      64 | 					t('common.errorTitle'),

      at node_modules/react-test-renderer/cjs/react-test-renderer.development.js:11801:19
      at runWithFiberInDEV (node_modules/react-test-renderer/cjs/react-test-renderer.development.js:1574:13)
      at warnIfUpdatesNotWrappedWithActDEV (node_modules/react-test-renderer/cjs/react-test-renderer.development.js:11800:9)
      at scheduleUpdateOnFiber (node_modules/react-test-renderer/cjs/react-test-renderer.development.js:10326:9)
      at dispatchSetStateInternal (node_modules/react-test-renderer/cjs/react-test-renderer.development.js:4148:13)
      at dispatchSetState (node_modules/react-test-renderer/cjs/react-test-renderer.development.js:4107:7)
      at setSuppliers (/Users/rupesh-20594/Documents/T/app/(app)../../../../suppliers/index.tsx:61:5)
      at asyncGeneratorStep (node_modules/@babel/runtime/helpers/asyncToGenerator.js:3:17)
      at _next (node_modules/@babel/runtime/helpers/asyncToGenerator.js:17:9)

    console.error
      An update to SupplierListScreen inside a test was not wrapped in act(...).
      
      When testing, code that causes React state updates should be wrapped into act(...):
      
      act(() => {
        /* fire events that update state */
      });
      /* assert on the output */
      
      This ensures that you're testing the behavior the user would see in the browser. Learn more at https://react.dev/link/wrap-tests-with-act

      67 | 				);
      68 | 			} finally {
    > 69 | 				setLoading(false);
         | 				^
      70 | 			}
      71 | 		},
      72 | 		// eslint-disable-next-line react-hooks/exhaustive-deps

      at node_modules/react-test-renderer/cjs/react-test-renderer.development.js:11801:19
      at runWithFiberInDEV (node_modules/react-test-renderer/cjs/react-test-renderer.development.js:1574:13)
      at warnIfUpdatesNotWrappedWithActDEV (node_modules/react-test-renderer/cjs/react-test-renderer.development.js:11800:9)
      at scheduleUpdateOnFiber (node_modules/react-test-renderer/cjs/react-test-renderer.development.js:10326:9)
      at dispatchSetStateInternal (node_modules/react-test-renderer/cjs/react-test-renderer.development.js:4148:13)
      at dispatchSetState (node_modules/react-test-renderer/cjs/react-test-renderer.development.js:4107:7)
      at setLoading (/Users/rupesh-20594/Documents/T/app/(app)../../../../suppliers/index.tsx:69:5)
      at asyncGeneratorStep (node_modules/@babel/runtime/helpers/asyncToGenerator.js:3:17)
      at _next (node_modules/@babel/runtime/helpers/asyncToGenerator.js:17:9)

PASS __tests__/ui/tabs/inventory.test.tsx
PASS __tests__/ui/navigation/invoiceDetail.nav.test.tsx
PASS __tests__/cross-screen/setFilters-race-condition.test.tsx
PASS __tests__/ui/auth/language-select.test.tsx
PASS __tests__/ui/navigation/stockOp.nav.test.tsx
PASS __tests__/visual/safeArea/paymentModal.safeArea.test.tsx
PASS src/components/organisms/__tests__/PaymentModal.test.tsx
  ● Console

    console.error
      An update to PaymentModal inside a test was not wrapped in act(...).
      
      When testing, code that causes React state updates should be wrapped into act(...):
      
      act(() => {
        /* fire events that update state */
      });
      /* assert on the output */
      
      This ensures that you're testing the behavior the user would see in the browser. Learn more at https://react.dev/link/wrap-tests-with-act

      80 | 			);
      81 | 		} finally {
    > 82 | 			setLoading(false);
         | 			^
      83 | 		}
      84 | 	};
      85 |

      at node_modules/react-test-renderer/cjs/react-test-renderer.development.js:11801:19
      at runWithFiberInDEV (node_modules/react-test-renderer/cjs/react-test-renderer.development.js:1574:13)
      at warnIfUpdatesNotWrappedWithActDEV (node_modules/react-test-renderer/cjs/react-test-renderer.development.js:11800:9)
      at scheduleUpdateOnFiber (node_modules/react-test-renderer/cjs/react-test-renderer.development.js:10326:9)
      at dispatchSetStateInternal (node_modules/react-test-renderer/cjs/react-test-renderer.development.js:4148:13)
      at dispatchSetState (node_modules/react-test-renderer/cjs/react-test-renderer.development.js:4107:7)
      at setLoading (src/components/organisms/PaymentModal.tsx:82:4)
      at asyncGeneratorStep (node_modules/@babel/runtime/helpers/asyncToGenerator.js:3:17)
      at _next (node_modules/@babel/runtime/helpers/asyncToGenerator.js:17:9)

    console.error
      An update to PaymentModal inside a test was not wrapped in act(...).
      
      When testing, code that causes React state updates should be wrapped into act(...):
      
      act(() => {
        /* fire events that update state */
      });
      /* assert on the output */
      
      This ensures that you're testing the behavior the user would see in the browser. Learn more at https://react.dev/link/wrap-tests-with-act

      80 | 			);
      81 | 		} finally {
    > 82 | 			setLoading(false);
         | 			^
      83 | 		}
      84 | 	};
      85 |

      at node_modules/react-test-renderer/cjs/react-test-renderer.development.js:11801:19
      at runWithFiberInDEV (node_modules/react-test-renderer/cjs/react-test-renderer.development.js:1574:13)
      at warnIfUpdatesNotWrappedWithActDEV (node_modules/react-test-renderer/cjs/react-test-renderer.development.js:11800:9)
      at scheduleUpdateOnFiber (node_modules/react-test-renderer/cjs/react-test-renderer.development.js:10326:9)
      at dispatchSetStateInternal (node_modules/react-test-renderer/cjs/react-test-renderer.development.js:4148:13)
      at dispatchSetState (node_modules/react-test-renderer/cjs/react-test-renderer.development.js:4107:7)
      at setLoading (src/components/organisms/PaymentModal.tsx:82:4)
          at Generator.throw (<anonymous>)
      at asyncGeneratorStep (node_modules/@babel/runtime/helpers/asyncToGenerator.js:3:17)
      at _throw (node_modules/@babel/runtime/helpers/asyncToGenerator.js:20:9)

    console.error
      An update to PaymentModal inside a test was not wrapped in act(...).
      
      When testing, code that causes React state updates should be wrapped into act(...):
      
      act(() => {
        /* fire events that update state */
      });
      /* assert on the output */
      
      This ensures that you're testing the behavior the user would see in the browser. Learn more at https://react.dev/link/wrap-tests-with-act

      80 | 			);
      81 | 		} finally {
    > 82 | 			setLoading(false);
         | 			^
      83 | 		}
      84 | 	};
      85 |

      at node_modules/react-test-renderer/cjs/react-test-renderer.development.js:11801:19
      at runWithFiberInDEV (node_modules/react-test-renderer/cjs/react-test-renderer.development.js:1574:13)
      at warnIfUpdatesNotWrappedWithActDEV (node_modules/react-test-renderer/cjs/react-test-renderer.development.js:11800:9)
      at scheduleUpdateOnFiber (node_modules/react-test-renderer/cjs/react-test-renderer.development.js:10326:9)
      at dispatchSetStateInternal (node_modules/react-test-renderer/cjs/react-test-renderer.development.js:4148:13)
      at dispatchSetState (node_modules/react-test-renderer/cjs/react-test-renderer.development.js:4107:7)
      at setLoading (src/components/organisms/PaymentModal.tsx:82:4)
          at Generator.throw (<anonymous>)
      at asyncGeneratorStep (node_modules/@babel/runtime/helpers/asyncToGenerator.js:3:17)
      at _throw (node_modules/@babel/runtime/helpers/asyncToGenerator.js:20:9)

PASS __tests__/cross-screen/invoiceCreate-to-customerList.test.tsx
PASS __tests__/ui/navigation/financeIndex.nav.test.tsx
PASS src/stores/dashboardStore.test.ts
PASS __tests__/ui/inventory/[id].test.tsx
PASS src/utils/imageTransform.test.ts
PASS src/repositories/__tests__/notificationRepository.test.ts
  ● Console

    console.info
      [INFO] db_query { table: 'notifications', op: 'findById', duration_ms: 0 }

      at Object.info (src/utils/logger.ts:15:24)

    console.info
      [INFO] db_query { table: 'notifications', op: 'findById', duration_ms: 0 }

      at Object.info (src/utils/logger.ts:15:24)

PASS src/components/atoms/__tests__/ThemedText.test.tsx
PASS __tests__/accessibility/customerList.test.tsx
PASS __tests__/ui/invoices/list.test.tsx
FAIL __tests__/ui/inventory/add.test.tsx
  ● AddItemScreen › shows validation errors for required fields

    Found multiple elements with text: Required

    [36m<View>[39m
      [36m<View>[39m
        [36m<View>[39m
          [36m<View>[39m
            [36m<TouchableOpacity[39m
              [33maccessibilityLabel[39m=[32m"Go back"[39m
              [33maccessibilityRole[39m=[32m"button"[39m
            [36m>[39m
              [36m<Icon />[39m
            [36m</TouchableOpacity>[39m
            [36m<Text[39m
              [33maccessibilityRole[39m=[32m"header"[39m
            [36m>[39m
              [0mAdd Item[0m
            [36m</Text>[39m
          [36m</View>[39m
        [36m</View>[39m
        [36m<ScrollView>[39m
          [36m<Text[39m
            [33maccessibilityRole[39m=[32m"header"[39m
          [36m>[39m
            [0mBasic Info[0m
          [36m</Text>[39m
          [36m<View>[39m
            [36m<View[39m
              [33mimportantForAccessibility[39m=[32m"no"[39m
            [36m>[39m
              [36m<Text>[39m
                [0mDesign Name[0m
              [36m</Text>[39m
              [36m<Text>[39m
                [0m*[0m
              [36m</Text>[39m
            [36m</View>[39m
            [36m<View>[39m
              [36m<View>[39m
                [36m<TextInput[39m
                  [33maccessibilityHint[39m=[32m"Required. Error: Required"[39m
                  [33maccessibilityLabel[39m=[32m"Design Name"[39m
                  [33maccessible[39m=[32m{true}[39m
                  [33mplaceholder[39m=[32m"जैसे: सफेद ग्लॉसी टाइल 60×60"[39m
                  [33mvalue[39m=[32m""[39m
                [36m/>[39m
              [36m</View>[39m
            [36m</View>[39m
            [36m<Text[39m
              [33mimportantForAccessibility[39m=[32m"no"[39m
            [36m>[39m
              [0mRequired[0m
            [36m</Text>[39m
          [36m</View>[39m
          [36m<Text>[39m
            [0mItem Code / SKU[0m
          [36m</Text>[39m
          [36m<View>[39m
            [36m<View>[39m
              [36m<TextInput[39m
                [33mplaceholder[39m=[32m"e.g. WGT-6060"[39m
                [33mvalue[39m=[32m""[39m
              [36m/>[39m
            [36m</View>[39m
            [36m<TouchableOpacity[39m
              [33maccessibilityRole[39m=[32m"button"[39m
            [36m>[39m
              [36m<Icon />[39m
              [36m<Text>[39m
                [0mAuto[0m
              [36m</Text>[39m
            [36m</TouchableOpacity>[39m
          [36m</View>[39m
          [36m<Text>[39m
            [0mCategory *[0m
          [36m</Text>[39m
          [36m<View>[39m
            [36m<TouchableOpacity[39m
              [33maccessibilityRole[39m=[32m"button"[39m
            [36m>[39m
              [36m<Text>[39m
                [0mGLOSSY[0m
              [36m</Text>[39m
            [36m</TouchableOpacity>[39m
            [36m<TouchableOpacity[39m
              [33maccessibilityRole[39m=[32m"button"[39m
            [36m>[39m
              [36m<Text>[39m
                [0mFLOOR[0m
              [36m</Text>[39m
            [36m</TouchableOpacity>[39m
            [36m<TouchableOpacity[39m
              [33maccessibilityRole[39m=[32m"button"[39m
            [36m>[39m
              [36m<Text>[39m
                [0mMATT[0m
              [36m</Text>[39m
            [36m</TouchableOpacity>[39m
            [36m<TouchableOpacity[39m
              [33maccessibilityRole[39m=[32m"button"[39m
            [36m>[39m
              [36m<Text>[39m
                [0mSATIN[0m
              [36m</Text>[39m
            [36m</TouchableOpacity>[39m
            [36m<TouchableOpacity[39m
              [33maccessibilityRole[39m=[32m"button"[39m
            [36m>[39m
              [36m<Text>[39m
                [0mWOODEN[0m
              [36m</Text>[39m
            [36m</TouchableOpacity>[39m
            [36m<TouchableOpacity[39m
              [33maccessibilityRole[39m=[32m"button"[39m
            [36m>[39m
              [36m<Text>[39m
                [0mELEVATION[0m
              [36m</Text>[39m
            [36m</TouchableOpacity>[39m
            [36m<TouchableOpacity[39m
              [33maccessibilityRole[39m=[32m"button"[39m
            [36m>[39m
              [36m<Text>[39m
                [0mOTHER[0m
              [36m</Text>[39m
            [36m</TouchableOpacity>[39m
          [36m</View>[39m
          [36m<View>[39m
            [36m<View[39m
              [33mimportantForAccessibility[39m=[32m"no"[39m
            [36m>[39m
              [36m<Text>[39m
                [0mDescription[0m
              [36m</Text>[39m
            [36m</View>[39m
            [36m<View>[39m
              [36m<View>[39m
                [36m<TextInput[39m
                  [33maccessibilityLabel[39m=[32m"Description"[39m
                  [33maccessible[39m=[32m{true}[39m
                  [33mplaceholder[39m=[32m"Optional product description (max 500 chars)"[39m
                  [33mvalue[39m=[32m""[39m
                [36m/>[39m
              [36m</View>[39m
            [36m</View>[39m
          [36m</View>[39m
          [36m<Text[39m
            [33maccessibilityRole[39m=[32m"header"[39m
          [36m>[39m
            [0mPricing[0m
          [36m</Text>[39m
          [36m<View>[39m
            [36m<View>[39m
              [36m<View>[39m
                [36m<View[39m
                  [33mimportantForAccessibility[39m=[32m"no"[39m
                [36m>[39m
                  [36m<Text>[39m
                    [0mSale Price (₹)[0m
                  [36m</Text>[39m
                  [36m<Text>[39m
                    [0m*[0m
                  [36m</Text>[39m
                [36m</View>[39m
                [36m<View>[39m
                  [36m<View>[39m
                    [36m<TextInput[39m
                      [33maccessibilityHint[39m=[32m"Required. Error: Required"[39m
                      [33maccessibilityLabel[39m=[32m"Sale Price (₹)"[39m
                      [33maccessible[39m=[32m{true}[39m
                      [33mplaceholder[39m=[32m"0.00"[39m
                      [33mvalue[39m=[32m""[39m
                    [36m/>[39m
                  [36m</View>[39m
                [36m</View>[39m
                [36m<Text[39m
                  [33mimportantForAccessibility[39m=[32m"no"[39m
                [36m>[39m
                  [0mRequired[0m
                [36m</Text>[39m
              [36m</View>[39m
            [36m</View>[39m
            [36m<View>[39m
              [36m<View>[39m
                [36m<View[39m
                  [33mimportantForAccessibility[39m=[32m"no"[39m
                [36m>[39m
                  [36m<Text>[39m
                    [0mCost Price (₹)[0m
                  [36m</Text>[39m
                [36m</View>[39m
                [36m<View>[39m
                  [36m<View>[39m
                    [36m<TextInput[39m
                      [33maccessibilityLabel[39m=[32m"Cost Price (₹)"[39m
                      [33maccessible[39m=[32m{true}[39m
                      [33mplaceholder[39m=[32m"0.00"[39m
                      [33mvalue[39m=[32m""[39m
                    [36m/>[39m
                  [36m</View>[39m
                [36m</View>[39m
              [36m</View>[39m
            [36m</View>[39m
          [36m</View>[39m
          [36m<View>[39m
            [36m<View>[39m
              [36m<View>[39m
                [36m<View[39m
                  [33mimportantForAccessibility[39m=[32m"no"[39m
                [36m>[39m
                  [36m<Text>[39m
                    [0mMRP (₹)[0m
                  [36m</Text>[39m
                [36m</View>[39m
                [36m<View>[39m
                  [36m<View>[39m
                    [36m<TextInput[39m
                      [33maccessibilityLabel[39m=[32m"MRP (₹)"[39m
                      [33maccessible[39m=[32m{true}[39m
                      [33mplaceholder[39m=[32m"0.00"[39m
                      [33mvalue[39m=[32m""[39m
                    [36m/>[39m
                  [36m</View>[39m
                [36m</View>[39m
              [36m</View>[39m
            [36m</View>[39m
            [36m<View>[39m
              [36m<View>[39m
                [36m<View[39m
                  [33mimportantForAccessibility[39m=[32m"no"[39m
                [36m>[39m
                  [36m<Text>[39m
                    [0mDefault Discount %[0m
                  [36m</Text>[39m
                [36m</View>[39m
                [36m<View>[39m
                  [36m<View>[39m
                    [36m<TextInput[39m
                      [33maccessibilityLabel[39m=[32m"Default Discount %"[39m
                      [33maccessible[39m=[32m{true}[39m
                      [33mplaceholder[39m=[32m"0–100"[39m
                      [33mvalue[39m=[32m""[39m
                    [36m/>[39m
                  [36m</View>[39m
                [36m</View>[39m
              [36m</View>[39m
            [36m</View>[39m
          [36m</View>[39m
          [36m<Text[39m
            [33maccessibilityRole[39m=[32m"header"[39m
          [36m>[39m
            [0mTax[0m
          [36m</Text>[39m
          [36m<Text>[39m
            [0mGST Rate *[0m
          [36m</Text>[39m
          [36m<View>[39m
            [36m<TouchableOpacity[39m
              [33maccessibilityRole[39m=[32m"button"[39m
            [36m>[39m
              [36m<Text>[39m
                [0m0%[0m
              [36m</Text>[39m
            [36m</TouchableOpacity>[39m
            [36m<TouchableOpacity[39m
              [33maccessibilityRole[39m=[32m"button"[39m
            [36m>[39m
              [36m<Text>[39m
                [0m5%[0m
              [36m</Text>[39m
            [36m</TouchableOpacity>[39m
            [36m<TouchableOpacity[39m
              [33maccessibilityRole[39m=[32m"button"[39m
            [36m>[39m
              [36m<Text>[39m
                [0m12%[0m
              [36m</Text>[39m
            [36m</TouchableOpacity>[39m
            [36m<TouchableOpacity[39m
              [33maccessibilityRole[39m=[32m"button"[39m
            [36m>[39m
              [36m<Text>[39m
                [0m18%[0m
              [36m</Text>[39m
            [36m</TouchableOpacity>[39m
            [36m<TouchableOpacity[39m
              [33maccessibilityRole[39m=[32m"button"[39m
            [36m>[39m
              [36m<Text>[39m
                [0m28%[0m
              [36m</Text>[39m
            [36m</TouchableOpacity>[39m
          [36m</View>[39m
          [36m<View>[39m
            [36m<Text>[39m
              [0mOn ₹1000: CGST ₹90.00 + SGST ₹90.00 = Total ₹1180.00[0m
            [36m</Text>[39m
          [36m</View>[39m
          [36m<View>[39m
            [36m<View[39m
              [33mimportantForAccessibility[39m=[32m"no"[39m
            [36m>[39m
              [36m<Text>[39m
                [0mHSN Code[0m
              [36m</Text>[39m
            [36m</View>[39m
            [36m<View>[39m
              [36m<View>[39m
                [36m<TextInput[39m
                  [33maccessibilityLabel[39m=[32m"HSN Code"[39m
                  [33maccessible[39m=[32m{true}[39m
                  [33mplaceholder[39m=[32m"e.g. 6908"[39m
                  [33mvalue[39m=[32m"6908"[39m
                [36m/>[39m
              [36m</View>[39m
            [36m</View>[39m
          [36m</View>[39m
          [36m<Text[39m
            [33maccessibilityRole[39m=[32m"header"[39m
          [36m>[39m
            [0mStock & Units[0m
          [36m</Text>[39m
          [36m<View>[39m
            [36m<View>[39m
              [36m<Text>[39m
                [0mTrack Stock[0m
              [36m</Text>[39m
              [36m<Text>[39m
                [0mMonitor quantity and get low-stock alerts[0m
              [36m</Text>[39m
            [36m</View>[39m
            [36m<Switch[39m
              [33mvalue[39m=[32m{true}[39m
            [36m/>[39m
          [36m</View>[39m
          [36m<Text>[39m
            [0mPrimary Unit[0m
          [36m</Text>[39m
          [36m<View>[39m
            [36m<TouchableOpacity[39m
              [33maccessibilityRole[39m=[32m"button"[39m
            [36m>[39m
              [36m<Text>[39m
                [0mPcs[0m
              [36m</Text>[39m
            [36m</TouchableOpacity>[39m
            [36m<TouchableOpacity[39m
              [33maccessibilityRole[39m=[32m"button"[39m
            [36m>[39m
              [36m<Text>[39m
                [0mBox[0m
              [36m</Text>[39m
            [36m</TouchableOpacity>[39m
            [36m<TouchableOpacity[39m
              [33maccessibilityRole[39m=[32m"button"[39m
            [36m>[39m
              [36m<Text>[39m
                [0mKg[0m
              [36m</Text>[39m
            [36m</TouchableOpacity>[39m
            [36m<TouchableOpacity[39m
              [33maccessibilityRole[39m=[32m"button"[39m
            [36m>[39m
              [36m<Text>[39m
                [0mMeter[0m
              [36m</Text>[39m
            [36m</TouchableOpacity>[39m
            [36m<TouchableOpacity[39m
              [33maccessibilityRole[39m=[32m"button"[39m
            [36m>[39m
              [36m<Text>[39m
                [0mSq.ft[0m
              [36m</Text>[39m
            [36m</TouchableOpacity>[39m
            [36m<TouchableOpacity[39m
              [33maccessibilityRole[39m=[32m"button"[39m
            [36m>[39m
              [36m<Text>[39m
                [0mSq.meter[0m
              [36m</Text>[39m
            [36m</TouchableOpacity>[39m
            [36m<TouchableOpacity[39m
              [33maccessibilityRole[39m=[32m"button"[39m
            [36m>[39m
              [36m<Text>[39m
                [0mSet[0m
              [36m</Text>[39m
            [36m</TouchableOpacity>[39m
          [36m</View>[39m
          [36m<View>[39m
            [36m<View>[39m
              [36m<View>[39m
                [36m<View[39m
                  [33mimportantForAccessibility[39m=[32m"no"[39m
                [36m>[39m
                  [36m<Text>[39m
                    [0mOpening Stock (Box)[0m
                  [36m</Text>[39m
                [36m</View>[39m
                [36m<View>[39m
                  [36m<View>[39m
                    [36m<TextInput[39m
                      [33maccessibilityLabel[39m=[32m"Opening Stock (Box)"[39m
                      [33maccessible[39m=[32m{true}[39m
                      [33meditable[39m=[32m{true}[39m
                      [33mplaceholder[39m=[32m"0"[39m
                      [33mvalue[39m=[32m"0"[39m
                    [36m/>[39m
                  [36m</View>[39m
                [36m</View>[39m
              [36m</View>[39m
            [36m</View>[39m
            [36m<View>[39m
              [36m<View>[39m
                [36m<View[39m
                  [33mimportantForAccessibility[39m=[32m"no"[39m
                [36m>[39m
                  [36m<Text>[39m
                    [0mLow Stock Alert[0m
                  [36m</Text>[39m
                [36m</View>[39m
                [36m<View>[39m
                  [36m<View>[39m
                    [36m<TextInput[39m
                      [33maccessibilityLabel[39m=[32m"Low Stock Alert"[39m
                      [33maccessible[39m=[32m{true}[39m
                      [33mplaceholder[39m=[32m"5"[39m
                      [33mvalue[39m=[32m"5"[39m
                    [36m/>[39m
                  [36m</View>[39m
                [36m</View>[39m
              [36m</View>[39m
            [36m</View>[39m
          [36m</View>[39m
          [36m<View>[39m
            [36m<View>[39m
              [36m<Text>[39m
                [0mSecondary Unit[0m
              [36m</Text>[39m
              [36m<Text>[39m
                [0me.g. sell in Pcs but stock in Box[0m
              [36m</Text>[39m
            [36m</View>[39m
            [36m<Switch[39m
              [33mvalue[39m=[32m{false}[39m
            [36m/>[39m
          [36m</View>[39m
          [36m<Text[39m
            [33maccessibilityRole[39m=[32m"header"[39m
          [36m>[39m
            [0mTile Set[0m
          [36m</Text>[39m
          [36m<View>[39m
            [36m<View>[39m
              [36m<View>[39m
                [36m<View[39m
                  [33mimportantForAccessibility[39m=[32m"no"[39m
                [36m>[39m
                  [36m<Text>[39m
                    [0mSize[0m
                  [36m</Text>[39m
                [36m</View>[39m
                [36m<View>[39m
                  [36m<View>[39m
                    [36m<TextInput[39m
                      [33maccessibilityLabel[39m=[32m"Size"[39m
                      [33maccessible[39m=[32m{true}[39m
                      [33mplaceholder[39m=[32m"e.g. 600x600"[39m
                      [33mvalue[39m=[32m""[39m
                    [36m/>[39m
                  [36m</View>[39m
                [36m</View>[39m
              [36m</View>[39m
            [36m</View>[39m
            [36m<View>[39m
              [36m<View>[39m
                [36m<View[39m
                  [33mimportantForAccessibility[39m=[32m"no"[39m
                [36m>[39m
                  [36m<Text>[39m
                    [0mBrand Name[0m
                  [36m</Text>[39m
                [36m</View>[39m
                [36m<View>[39m
                  [36m<View>[39m
                    [36m<TextInput[39m
                      [33maccessibilityLabel[39m=[32m"Brand Name"[39m
                      [33maccessible[39m=[32m{true}[39m
                      [33mplaceholder[39m=[32m"e.g. Somany"[39m
                      [33mvalue[39m=[32m""[39m
                    [36m/>[39m
                  [36m</View>[39m
                [36m</View>[39m
              [36m</View>[39m
            [36m</View>[39m
          [36m</View>[39m
          [36m<View>[39m
            [36m<View>[39m
              [36m<View>[39m
                [36m<View[39m
                  [33mimportantForAccessibility[39m=[32m"no"[39m
                [36m>[39m
                  [36m<Text>[39m
                    [0mPcs / Box[0m
                  [36m</Text>[39m
                [36m</View>[39m
                [36m<View>[39m
                  [36m<View>[39m
                    [36m<TextInput[39m
                      [33maccessibilityLabel[39m=[32m"Pcs / Box"[39m
                      [33maccessible[39m=[32m{true}[39m
                      [33mvalue[39m=[32m""[39m
                    [36m/>[39m
                  [36m</View>[39m
                [36m</View>[39m
              [36m</View>[39m
            [36m</View>[39m
            [36m<View>[39m
              [36m<View>[39m
                [36m<View[39m
                  [33mimportantForAccessibility[39m=[32m"no"[39m
                [36m>[39m
                  [36m<Text>[39m
                    [0mSqft / Box[0m
                  [36m</Text>[39m
                [36m</View>[39m
                [36m<View>[39m
                  [36m<View>[39m
                    [36m<TextInput[39m
                      [33maccessibilityLabel[39m=[32m"Sqft / Box"[39m
                      [33maccessible[39m=[32m{true}[39m
                      [33mvalue[39m=[32m""[39m
                    [36m/>[39m
                  [36m</View>[39m
                [36m</View>[39m
              [36m</View>[39m
            [36m</View>[39m
          [36m</View>[39m
          [36m<View />[39m
        [36m</ScrollView>[39m
        [36m<View>[39m
          [36m<View>[39m
            [36m<Pressable[39m
              [33maccessibilityLabel[39m=[32m"Save Item"[39m
              [33maccessibilityRole[39m=[32m"button"[39m
              [33maccessibilityState[39m=[32m{
                {
                  "busy": false,
                  "disabled": false,
                }
              }[39m
            [36m>[39m
              [36m<Icon />[39m
              [36m<Text>[39m
                [0mSave Item[0m
              [36m</Text>[39m
            [36m</Pressable>[39m
          [36m</View>[39m
        [36m</View>[39m
      [36m</View>[39m
    [36m</View>[39m

      51 |
      52 | 		// findByText already waits.
    > 53 | 		expect(await findByText('Required')).toBeTruthy();
         | 		             ^
      54 | 	});
      55 |
      56 | 	it('successfully submits the form to create an item', async () => {

      at Object.findByText (__tests__/ui/inventory/add.test.tsx:53:16)
      at asyncGeneratorStep (node_modules/@babel/runtime/helpers/asyncToGenerator.js:3:17)
      at _next (node_modules/@babel/runtime/helpers/asyncToGenerator.js:17:9)
      at node_modules/@babel/runtime/helpers/asyncToGenerator.js:22:7
      at Object.<anonymous> (node_modules/@babel/runtime/helpers/asyncToGenerator.js:14:12)

PASS __tests__/ui/inventory/list.test.tsx
PASS __tests__/ui/settings/business-profile.test.tsx
PASS __tests__/cross-screen/payment-to-customerDetail.test.tsx
PASS src/features/invoice-create/__tests__/InvoiceCreateScreen.test.tsx
PASS __tests__/cross-screen/payment-to-invoiceStatus.test.tsx
PASS __tests__/ui/auth/setup.test.tsx
PASS __tests__/ui/customers/add.test.tsx
  ● Console

    console.error
      [ERROR] Failed to save customer Error: Could not find the table 'public.customers' in the schema cache
          at Object.<anonymous> (/Users/rupesh-20594/Documents/T/__tests__/ui/customers/add.test.tsx:33:40)
          at Generator.next (<anonymous>)
          at asyncGeneratorStep (/Users/rupesh-20594/Documents/T/node_modules/@babel/runtime/helpers/asyncToGenerator.js:3:17)
          at _next (/Users/rupesh-20594/Documents/T/node_modules/@babel/runtime/helpers/asyncToGenerator.js:17:9)
          at /Users/rupesh-20594/Documents/T/node_modules/@babel/runtime/helpers/asyncToGenerator.js:22:7
          at new Promise (<anonymous>)
          at Object.<anonymous> (/Users/rupesh-20594/Documents/T/node_modules/@babel/runtime/helpers/asyncToGenerator.js:14:12)
          at Promise.then.completed (/Users/rupesh-20594/Documents/T/node_modules/jest-circus/build/utils.js:298:28)
          at new Promise (<anonymous>)
          at callAsyncCircusFn (/Users/rupesh-20594/Documents/T/node_modules/jest-circus/build/utils.js:231:10)
          at _callCircusTest (/Users/rupesh-20594/Documents/T/node_modules/jest-circus/build/run.js:316:40)
          at _runTest (/Users/rupesh-20594/Documents/T/node_modules/jest-circus/build/run.js:252:3)
          at _runTestsForDescribeBlock (/Users/rupesh-20594/Documents/T/node_modules/jest-circus/build/run.js:126:9)
          at _runTestsForDescribeBlock (/Users/rupesh-20594/Documents/T/node_modules/jest-circus/build/run.js:121:9)
          at run (/Users/rupesh-20594/Documents/T/node_modules/jest-circus/build/run.js:71:3)
          at runAndTransformResultsToJestFormat (/Users/rupesh-20594/Documents/T/node_modules/jest-circus/build/legacy-code-todo-rewrite/jestAdapterInit.js:122:21)
          at jestAdapter (/Users/rupesh-20594/Documents/T/node_modules/jest-circus/build/legacy-code-todo-rewrite/jestAdapter.js:79:19)
          at runTestInternal (/Users/rupesh-20594/Documents/T/node_modules/jest-runner/build/runTest.js:367:16)
          at runTest (/Users/rupesh-20594/Documents/T/node_modules/jest-runner/build/runTest.js:444:34)
          at Object.worker (/Users/rupesh-20594/Documents/T/node_modules/jest-runner/build/testWorker.js:106:12) undefined

      21 |
      22 | 	error(msg: string, error?: Error | unknown, meta?: LogMeta) {
    > 23 | 		console.error(`[ERROR] ${msg}`, error, meta);
         | 		        ^
      24 | 		// TODO: Wire to Sentry/Datadog when ready
      25 | 	},
      26 | };

      at Object.error (src/utils/logger.ts:23:11)
      at error (/Users/rupesh-20594/Documents/T/app/(app)../../../../customers/add.tsx:101:11)
          at Generator.throw (<anonymous>)
      at asyncGeneratorStep (node_modules/@babel/runtime/helpers/asyncToGenerator.js:3:17)
      at _throw (node_modules/@babel/runtime/helpers/asyncToGenerator.js:20:9)

PASS __tests__/cross-screen/invoiceCreate-to-invoiceList.test.tsx
PASS src/repositories/__tests__/invoiceRepository.test.ts
PASS src/components/atoms/__tests__/QueryBoundary.test.tsx
PASS src/components/organisms/__tests__/TileSetCard.test.tsx
PASS __tests__/cross-screen/StockUpdateSync.test.ts
PASS src/services/inventoryService.test.ts
PASS __tests__/ui/navigation/inventoryDetail.nav.test.tsx
PASS src/components/atoms/__tests__/IconButton.test.tsx
PASS src/components/molecules/__tests__/FormField.test.tsx
PASS src/components/atoms/__tests__/Card.test.tsx
PASS __tests__/components/TextInput.variant.test.tsx
PASS __tests__/ui/tabs/more.test.tsx
PASS __tests__/ui/settings/preferences.test.tsx
PASS __tests__/components/Button.variant.test.tsx
PASS __tests__/ui/loading-states/stockOp.loading.test.tsx
  ● Console

    console.error
      [ERROR] error Error: Network Error
          at Object.<anonymous> (/Users/rupesh-20594/Documents/T/__tests__/ui/loading-states/stockOp.loading.test.tsx:64:67)
          at Generator.next (<anonymous>)
          at asyncGeneratorStep (/Users/rupesh-20594/Documents/T/node_modules/@babel/runtime/helpers/asyncToGenerator.js:3:17)
          at _next (/Users/rupesh-20594/Documents/T/node_modules/@babel/runtime/helpers/asyncToGenerator.js:17:9)
          at /Users/rupesh-20594/Documents/T/node_modules/@babel/runtime/helpers/asyncToGenerator.js:22:7
          at new Promise (<anonymous>)
          at Object.<anonymous> (/Users/rupesh-20594/Documents/T/node_modules/@babel/runtime/helpers/asyncToGenerator.js:14:12)
          at Promise.then.completed (/Users/rupesh-20594/Documents/T/node_modules/jest-circus/build/utils.js:298:28)
          at new Promise (<anonymous>)
          at callAsyncCircusFn (/Users/rupesh-20594/Documents/T/node_modules/jest-circus/build/utils.js:231:10)
          at _callCircusTest (/Users/rupesh-20594/Documents/T/node_modules/jest-circus/build/run.js:316:40)
          at _runTest (/Users/rupesh-20594/Documents/T/node_modules/jest-circus/build/run.js:252:3)
          at _runTestsForDescribeBlock (/Users/rupesh-20594/Documents/T/node_modules/jest-circus/build/run.js:126:9)
          at _runTestsForDescribeBlock (/Users/rupesh-20594/Documents/T/node_modules/jest-circus/build/run.js:121:9)
          at run (/Users/rupesh-20594/Documents/T/node_modules/jest-circus/build/run.js:71:3)
          at runAndTransformResultsToJestFormat (/Users/rupesh-20594/Documents/T/node_modules/jest-circus/build/legacy-code-todo-rewrite/jestAdapterInit.js:122:21)
          at jestAdapter (/Users/rupesh-20594/Documents/T/node_modules/jest-circus/build/legacy-code-todo-rewrite/jestAdapter.js:79:19)
          at runTestInternal (/Users/rupesh-20594/Documents/T/node_modules/jest-runner/build/runTest.js:367:16)
          at runTest (/Users/rupesh-20594/Documents/T/node_modules/jest-runner/build/runTest.js:444:34)
          at Object.worker (/Users/rupesh-20594/Documents/T/node_modules/jest-runner/build/testWorker.js:106:12) undefined

      21 |
      22 | 	error(msg: string, error?: Error | unknown, meta?: LogMeta) {
    > 23 | 		console.error(`[ERROR] ${msg}`, error, meta);
         | 		        ^
      24 | 		// TODO: Wire to Sentry/Datadog when ready
      25 | 	},
      26 | };

      at Object.error (src/utils/logger.ts:23:11)
      at error (/Users/rupesh-20594/Documents/T/app/(app)../../../../inventory/stock-op.tsx:61:13)

PASS __tests__/ui/finance/purchases.test.tsx
PASS src/components/atoms/__tests__/Chip.test.tsx
PASS src/components/molecules/__tests__/PaginatedList.test.tsx
PASS __tests__/ui/customers/index.test.tsx
PASS src/components/molecules/__tests__/StatCard.test.tsx
PASS src/components/molecules/__tests__/ConfirmationModal.test.tsx
PASS __tests__/ui/finance/payments.test.tsx
  ● Console

    console.error
      An update to PaymentsScreen inside a test was not wrapped in act(...).
      
      When testing, code that causes React state updates should be wrapped into act(...):
      
      act(() => {
        /* fire events that update state */
      });
      /* assert on the output */
      
      This ensures that you're testing the behavior the user would see in the browser. Learn more at https://react.dev/link/wrap-tests-with-act

      52 | 		try {
      53 | 			const data = await paymentService.fetchPayments({});
    > 54 | 			setPayments(data ?? []);
         | 			^
      55 | 		} catch {
      56 | 			// silently ignore — empty state shown
      57 | 		}

      at node_modules/react-test-renderer/cjs/react-test-renderer.development.js:11801:19
      at runWithFiberInDEV (node_modules/react-test-renderer/cjs/react-test-renderer.development.js:1574:13)
      at warnIfUpdatesNotWrappedWithActDEV (node_modules/react-test-renderer/cjs/react-test-renderer.development.js:11800:9)
      at scheduleUpdateOnFiber (node_modules/react-test-renderer/cjs/react-test-renderer.development.js:10326:9)
      at dispatchSetStateInternal (node_modules/react-test-renderer/cjs/react-test-renderer.development.js:4148:13)
      at dispatchSetState (node_modules/react-test-renderer/cjs/react-test-renderer.development.js:4107:7)
      at setPayments (/Users/rupesh-20594/Documents/T/app/(app)../../../../finance/payments.tsx:54:4)
      at asyncGeneratorStep (node_modules/@babel/runtime/helpers/asyncToGenerator.js:3:17)
      at _next (node_modules/@babel/runtime/helpers/asyncToGenerator.js:17:9)

    console.error
      An update to PaymentsScreen inside a test was not wrapped in act(...).
      
      When testing, code that causes React state updates should be wrapped into act(...):
      
      act(() => {
        /* fire events that update state */
      });
      /* assert on the output */
      
      This ensures that you're testing the behavior the user would see in the browser. Learn more at https://react.dev/link/wrap-tests-with-act

      59 |
      60 | 	useEffect(() => {
    > 61 | 		loadPayments().finally(() => setLoading(false));
         | 		                             ^
      62 | 	}, []);
      63 |
      64 | 	const handleRefresh = async () => {

      at node_modules/react-test-renderer/cjs/react-test-renderer.development.js:11801:19
      at runWithFiberInDEV (node_modules/react-test-renderer/cjs/react-test-renderer.development.js:1574:13)
      at warnIfUpdatesNotWrappedWithActDEV (node_modules/react-test-renderer/cjs/react-test-renderer.development.js:11800:9)
      at scheduleUpdateOnFiber (node_modules/react-test-renderer/cjs/react-test-renderer.development.js:10326:9)
      at dispatchSetStateInternal (node_modules/react-test-renderer/cjs/react-test-renderer.development.js:4148:13)
      at dispatchSetState (node_modules/react-test-renderer/cjs/react-test-renderer.development.js:4107:7)
      at setLoading (/Users/rupesh-20594/Documents/T/app/(app)../../../../finance/payments.tsx:61:32)

    console.error
      An update to PaymentsScreen inside a test was not wrapped in act(...).
      
      When testing, code that causes React state updates should be wrapped into act(...):
      
      act(() => {
        /* fire events that update state */
      });
      /* assert on the output */
      
      This ensures that you're testing the behavior the user would see in the browser. Learn more at https://react.dev/link/wrap-tests-with-act

      52 | 		try {
      53 | 			const data = await paymentService.fetchPayments({});
    > 54 | 			setPayments(data ?? []);
         | 			^
      55 | 		} catch {
      56 | 			// silently ignore — empty state shown
      57 | 		}

      at node_modules/react-test-renderer/cjs/react-test-renderer.development.js:11801:19
      at runWithFiberInDEV (node_modules/react-test-renderer/cjs/react-test-renderer.development.js:1574:13)
      at warnIfUpdatesNotWrappedWithActDEV (node_modules/react-test-renderer/cjs/react-test-renderer.development.js:11800:9)
      at scheduleUpdateOnFiber (node_modules/react-test-renderer/cjs/react-test-renderer.development.js:10326:9)
      at dispatchSetStateInternal (node_modules/react-test-renderer/cjs/react-test-renderer.development.js:4148:13)
      at dispatchSetState (node_modules/react-test-renderer/cjs/react-test-renderer.development.js:4107:7)
      at setPayments (/Users/rupesh-20594/Documents/T/app/(app)../../../../finance/payments.tsx:54:4)
      at asyncGeneratorStep (node_modules/@babel/runtime/helpers/asyncToGenerator.js:3:17)
      at _next (node_modules/@babel/runtime/helpers/asyncToGenerator.js:17:9)

    console.error
      An update to PaymentsScreen inside a test was not wrapped in act(...).
      
      When testing, code that causes React state updates should be wrapped into act(...):
      
      act(() => {
        /* fire events that update state */
      });
      /* assert on the output */
      
      This ensures that you're testing the behavior the user would see in the browser. Learn more at https://react.dev/link/wrap-tests-with-act

      59 |
      60 | 	useEffect(() => {
    > 61 | 		loadPayments().finally(() => setLoading(false));
         | 		                             ^
      62 | 	}, []);
      63 |
      64 | 	const handleRefresh = async () => {

      at node_modules/react-test-renderer/cjs/react-test-renderer.development.js:11801:19
      at runWithFiberInDEV (node_modules/react-test-renderer/cjs/react-test-renderer.development.js:1574:13)
      at warnIfUpdatesNotWrappedWithActDEV (node_modules/react-test-renderer/cjs/react-test-renderer.development.js:11800:9)
      at scheduleUpdateOnFiber (node_modules/react-test-renderer/cjs/react-test-renderer.development.js:10326:9)
      at dispatchSetStateInternal (node_modules/react-test-renderer/cjs/react-test-renderer.development.js:4148:13)
      at dispatchSetState (node_modules/react-test-renderer/cjs/react-test-renderer.development.js:4107:7)
      at setLoading (/Users/rupesh-20594/Documents/T/app/(app)../../../../finance/payments.tsx:61:32)

    console.error
      An update to PaymentsScreen inside a test was not wrapped in act(...).
      
      When testing, code that causes React state updates should be wrapped into act(...):
      
      act(() => {
        /* fire events that update state */
      });
      /* assert on the output */
      
      This ensures that you're testing the behavior the user would see in the browser. Learn more at https://react.dev/link/wrap-tests-with-act

      52 | 		try {
      53 | 			const data = await paymentService.fetchPayments({});
    > 54 | 			setPayments(data ?? []);
         | 			^
      55 | 		} catch {
      56 | 			// silently ignore — empty state shown
      57 | 		}

      at node_modules/react-test-renderer/cjs/react-test-renderer.development.js:11801:19
      at runWithFiberInDEV (node_modules/react-test-renderer/cjs/react-test-renderer.development.js:1574:13)
      at warnIfUpdatesNotWrappedWithActDEV (node_modules/react-test-renderer/cjs/react-test-renderer.development.js:11800:9)
      at scheduleUpdateOnFiber (node_modules/react-test-renderer/cjs/react-test-renderer.development.js:10326:9)
      at dispatchSetStateInternal (node_modules/react-test-renderer/cjs/react-test-renderer.development.js:4148:13)
      at dispatchSetState (node_modules/react-test-renderer/cjs/react-test-renderer.development.js:4107:7)
      at setPayments (/Users/rupesh-20594/Documents/T/app/(app)../../../../finance/payments.tsx:54:4)
      at asyncGeneratorStep (node_modules/@babel/runtime/helpers/asyncToGenerator.js:3:17)
      at _next (node_modules/@babel/runtime/helpers/asyncToGenerator.js:17:9)

    console.error
      An update to PaymentsScreen inside a test was not wrapped in act(...).
      
      When testing, code that causes React state updates should be wrapped into act(...):
      
      act(() => {
        /* fire events that update state */
      });
      /* assert on the output */
      
      This ensures that you're testing the behavior the user would see in the browser. Learn more at https://react.dev/link/wrap-tests-with-act

      59 |
      60 | 	useEffect(() => {
    > 61 | 		loadPayments().finally(() => setLoading(false));
         | 		                             ^
      62 | 	}, []);
      63 |
      64 | 	const handleRefresh = async () => {

      at node_modules/react-test-renderer/cjs/react-test-renderer.development.js:11801:19
      at runWithFiberInDEV (node_modules/react-test-renderer/cjs/react-test-renderer.development.js:1574:13)
      at warnIfUpdatesNotWrappedWithActDEV (node_modules/react-test-renderer/cjs/react-test-renderer.development.js:11800:9)
      at scheduleUpdateOnFiber (node_modules/react-test-renderer/cjs/react-test-renderer.development.js:10326:9)
      at dispatchSetStateInternal (node_modules/react-test-renderer/cjs/react-test-renderer.development.js:4148:13)
      at dispatchSetState (node_modules/react-test-renderer/cjs/react-test-renderer.development.js:4107:7)
      at setLoading (/Users/rupesh-20594/Documents/T/app/(app)../../../../finance/payments.tsx:61:32)

PASS src/schemas/__tests__/inventory.schema.test.ts
PASS __tests__/ui/loading-states/inventory.loading.test.tsx
PASS __tests__/accessibility/customerDetail.test.tsx
PASS __tests__/ui/tabs/scan.test.tsx
PASS src/components/molecules/__tests__/BottomSheetPicker.test.tsx
PASS __tests__/ui/auth/verify.test.tsx
PASS src/components/atoms/__tests__/TextInput.test.tsx
PASS __tests__/visual/contrast/contrastRatios.test.ts
PASS src/features/invoice-create/__tests__/LineItemsStep.test.tsx
PASS src/services/paymentService.test.ts
PASS __tests__/ui/navigation/settingsMore.nav.test.tsx
PASS src/components/atoms/__tests__/SyncIndicator.test.tsx
PASS src/hooks/__tests__/useDebounce.test.ts
PASS __tests__/ui/orders/import.test.tsx
PASS src/utils/validation.test.ts
PASS src/components/molecules/__tests__/PhoneInput.test.tsx
PASS __tests__/ui/finance/expenses.test.tsx
PASS src/schemas/__tests__/customer.schema.test.ts
PASS __tests__/ui/settings/lock.test.tsx
PASS src/features/invoice-create/__tests__/CustomerStep.test.tsx
PASS __tests__/ui/customers/detail.test.tsx
PASS __tests__/ui/auth/phone-login.test.tsx
PASS __tests__/ui/finance/index.test.tsx
PASS src/features/invoice-create/__tests__/PaymentStep.test.tsx
PASS src/components/molecules/__tests__/ListItem.test.tsx
PASS src/components/molecules/__tests__/FilterBar.test.tsx
PASS src/components/organisms/__tests__/RecentInvoicesList.test.tsx
PASS src/components/atoms/__tests__/ErrorBoundary.test.tsx
PASS src/utils/gstCalculator.test.ts
PASS __tests__/chain/workflow.test.ts
PASS __tests__/accessibility/invoiceCreate.test.tsx
PASS __tests__/cross-screen/InvoiceToCustomerLedger.test.ts
PASS src/components/molecules/__tests__/SwipeableRow.test.tsx
PASS src/repositories/__tests__/inventoryRepository.test.ts
  ● Console

    console.info
      [INFO] db_query { table: 'inventory_items', op: 'findById', duration_ms: 0 }

      at Object.info (src/utils/logger.ts:15:24)

    console.info
      [INFO] db_query { table: 'inventory_items', op: 'findMany', duration_ms: 0 }

      at Object.info (src/utils/logger.ts:15:24)

    console.info
      [INFO] db_query { table: 'inventory_items', op: 'findMany', duration_ms: 0 }

      at Object.info (src/utils/logger.ts:15:24)

    console.info
      [INFO] db_query { table: 'inventory_items', op: 'findMany', duration_ms: 0 }

      at Object.info (src/utils/logger.ts:15:24)

    console.info
      [INFO] db_query { table: 'inventory_items', op: 'create', duration_ms: 0 }

      at Object.info (src/utils/logger.ts:15:24)

    console.info
      [INFO] db_query { table: 'inventory_items', op: 'update', duration_ms: 0 }

      at Object.info (src/utils/logger.ts:15:24)

    console.info
      [INFO] db_query { table: 'inventory_items', op: 'remove', duration_ms: 0 }

      at Object.info (src/utils/logger.ts:15:24)

PASS __tests__/ui/navigation/invoiceList.nav.test.tsx
PASS src/components/molecules/__tests__/Toast.test.tsx
PASS src/repositories/__tests__/supplierRepository.test.ts
  ● Console

    console.info
      [INFO] db_query { table: 'suppliers', op: 'findMany', duration_ms: 0 }

      at Object.info (src/utils/logger.ts:15:24)

    console.info
      [INFO] db_query { table: 'suppliers', op: 'findMany', duration_ms: 0 }

      at Object.info (src/utils/logger.ts:15:24)

    console.info
      [INFO] db_query { table: 'suppliers', op: 'findMany', duration_ms: 0 }

      at Object.info (src/utils/logger.ts:15:24)

    console.info
      [INFO] db_query { table: 'suppliers', op: 'findMany', duration_ms: 0 }

      at Object.info (src/utils/logger.ts:15:24)

    console.info
      [INFO] db_query { table: 'suppliers', op: 'findById', duration_ms: 0 }

      at Object.info (src/utils/logger.ts:15:24)

    console.info
      [INFO] db_query { table: 'suppliers', op: 'findById', duration_ms: 0 }

      at Object.info (src/utils/logger.ts:15:24)

    console.info
      [INFO] db_query { table: 'suppliers', op: 'create', duration_ms: 1 }

      at Object.info (src/utils/logger.ts:15:24)

    console.info
      [INFO] db_query { table: 'suppliers', op: 'create', duration_ms: 0 }

      at Object.info (src/utils/logger.ts:15:24)

    console.info
      [INFO] db_query { table: 'suppliers', op: 'update', duration_ms: 0 }

      at Object.info (src/utils/logger.ts:15:24)

    console.info
      [INFO] db_query { table: 'suppliers', op: 'update', duration_ms: 1 }

      at Object.info (src/utils/logger.ts:15:24)

    console.info
      [INFO] db_query { table: 'suppliers', op: 'remove', duration_ms: 1 }

      at Object.info (src/utils/logger.ts:15:24)

    console.info
      [INFO] db_query { table: 'suppliers', op: 'remove', duration_ms: 0 }

      at Object.info (src/utils/logger.ts:15:24)

PASS __tests__/ui/navigation/customerDetail.nav.test.tsx
PASS src/features/invoice-create/__tests__/useInvoiceCreateFlow.test.ts
  ● Console

    console.error
      [ERROR] Failed to create invoice Error: Submit failed
          at Object.<anonymous> (/Users/rupesh-20594/Documents/T/src/features/invoice-create/__tests__/useInvoiceCreateFlow.test.ts:237:43)
          at Generator.next (<anonymous>)
          at asyncGeneratorStep (/Users/rupesh-20594/Documents/T/node_modules/@babel/runtime/helpers/asyncToGenerator.js:3:17)
          at _next (/Users/rupesh-20594/Documents/T/node_modules/@babel/runtime/helpers/asyncToGenerator.js:17:9)
          at /Users/rupesh-20594/Documents/T/node_modules/@babel/runtime/helpers/asyncToGenerator.js:22:7
          at new Promise (<anonymous>)
          at Object.<anonymous> (/Users/rupesh-20594/Documents/T/node_modules/@babel/runtime/helpers/asyncToGenerator.js:14:12)
          at Promise.then.completed (/Users/rupesh-20594/Documents/T/node_modules/jest-circus/build/utils.js:298:28)
          at new Promise (<anonymous>)
          at callAsyncCircusFn (/Users/rupesh-20594/Documents/T/node_modules/jest-circus/build/utils.js:231:10)
          at _callCircusTest (/Users/rupesh-20594/Documents/T/node_modules/jest-circus/build/run.js:316:40)
          at _runTest (/Users/rupesh-20594/Documents/T/node_modules/jest-circus/build/run.js:252:3)
          at _runTestsForDescribeBlock (/Users/rupesh-20594/Documents/T/node_modules/jest-circus/build/run.js:126:9)
          at _runTestsForDescribeBlock (/Users/rupesh-20594/Documents/T/node_modules/jest-circus/build/run.js:121:9)
          at run (/Users/rupesh-20594/Documents/T/node_modules/jest-circus/build/run.js:71:3)
          at runAndTransformResultsToJestFormat (/Users/rupesh-20594/Documents/T/node_modules/jest-circus/build/legacy-code-todo-rewrite/jestAdapterInit.js:122:21)
          at jestAdapter (/Users/rupesh-20594/Documents/T/node_modules/jest-circus/build/legacy-code-todo-rewrite/jestAdapter.js:79:19)
          at runTestInternal (/Users/rupesh-20594/Documents/T/node_modules/jest-runner/build/runTest.js:367:16)
          at runTest (/Users/rupesh-20594/Documents/T/node_modules/jest-runner/build/runTest.js:444:34)
          at Object.worker (/Users/rupesh-20594/Documents/T/node_modules/jest-runner/build/testWorker.js:106:12) undefined

      21 |
      22 | 	error(msg: string, error?: Error | unknown, meta?: LogMeta) {
    > 23 | 		console.error(`[ERROR] ${msg}`, error, meta);
         | 		        ^
      24 | 		// TODO: Wire to Sentry/Datadog when ready
      25 | 	},
      26 | };

      at Object.error (src/utils/logger.ts:23:11)
      at Object.error (src/features/invoice-create/useInvoiceCreateFlow.ts:156:11)
          at Generator.throw (<anonymous>)
      at asyncGeneratorStep (node_modules/@babel/runtime/helpers/asyncToGenerator.js:3:17)
      at _throw (node_modules/@babel/runtime/helpers/asyncToGenerator.js:20:9)

PASS src/components/atoms/__tests__/Button.test.tsx
PASS src/components/molecules/__tests__/EmptyState.test.tsx
PASS __tests__/chain/invoiceCreationChain.test.ts
  ● Console

    console.info
      [INFO] db_query { table: 'invoices', op: 'findById', duration_ms: 1 }

      at Object.info (src/utils/logger.ts:15:24)

PASS src/components/molecules/__tests__/SearchBar.test.tsx
PASS src/services/customerService.test.ts
PASS src/schemas/__tests__/expense.schema.test.ts
PASS src/components/atoms/__tests__/OfflineBanner.test.tsx
PASS __tests__/ui/auth/login.test.tsx
PASS __tests__/ui/loading-states/invoiceList.loading.test.tsx
PASS src/components/atoms/__tests__/TouchableCard.test.tsx
PASS src/repositories/__tests__/financeRepository.test.ts
PASS src/repositories/__tests__/customerRepository.test.ts
  ● Console

    console.info
      [INFO] db_query { table: 'customers', op: 'findById', duration_ms: 0 }

      at Object.info (src/utils/logger.ts:15:24)

    console.info
      [INFO] db_query { table: 'customers', op: 'findById', duration_ms: 0 }

      at Object.info (src/utils/logger.ts:15:24)

    console.info
      [INFO] db_query { table: 'customers', op: 'findMany', duration_ms: 0 }

      at Object.info (src/utils/logger.ts:15:24)

    console.info
      [INFO] db_query { table: 'customers', op: 'findMany', duration_ms: 0 }

      at Object.info (src/utils/logger.ts:15:24)

    console.info
      [INFO] db_query { table: 'customers', op: 'create', duration_ms: 0 }

      at Object.info (src/utils/logger.ts:15:24)

    console.info
      [INFO] db_query { table: 'customers', op: 'update', duration_ms: 0 }

      at Object.info (src/utils/logger.ts:15:24)

PASS src/utils/__tests__/retry.test.ts
PASS src/schemas/__tests__/businessProfile.schema.test.ts
PASS src/components/atoms/__tests__/Badge.test.tsx
PASS __tests__/ui/orders/index.test.tsx
PASS src/components/atoms/__tests__/Divider.test.tsx
PASS src/components/molecules/__tests__/TextAreaField.test.tsx
PASS src/components/organisms/__tests__/QuickActionsGrid.test.tsx
PASS src/hooks/__tests__/useThemeTokens.test.ts
PASS __tests__/cross-screen/PaymentToFinance.test.ts
PASS src/stores/financeStore.test.ts
PASS src/services/invoiceService.test.ts
  ● Console

    console.info
      [INFO] db_query { table: 'invoices', op: 'findById', duration_ms: 0 }

      at Object.info (src/utils/logger.ts:15:24)

    console.info
      [INFO] db_query { table: 'invoices', op: 'findById', duration_ms: 0 }

      at Object.info (src/utils/logger.ts:15:24)

    console.info
      [INFO] db_query { table: 'invoices', op: 'findById', duration_ms: 0 }

      at Object.info (src/utils/logger.ts:15:24)

    console.info
      [INFO] db_query { table: 'invoices', op: 'findById', duration_ms: 0 }

      at Object.info (src/utils/logger.ts:15:24)

    console.info
      [INFO] db_query { table: 'invoices', op: 'findById', duration_ms: 0 }

      at Object.info (src/utils/logger.ts:15:24)

    console.info
      [INFO] db_query { table: 'invoices', op: 'findById', duration_ms: 0 }

      at Object.info (src/utils/logger.ts:15:24)

PASS src/repositories/__tests__/orderRepository.test.ts
  ● Console

    console.info
      [INFO] db_query { table: 'orders', op: 'create', duration_ms: 0 }

      at Object.info (src/utils/logger.ts:15:24)

    console.info
      [INFO] db_query { table: 'orders', op: 'findMany', duration_ms: 0 }

      at Object.info (src/utils/logger.ts:15:24)

    console.info
      [INFO] db_query { table: 'orders', op: 'findMany', duration_ms: 0 }

      at Object.info (src/utils/logger.ts:15:24)

    console.info
      [INFO] db_query { table: 'orders', op: 'findMany', duration_ms: 0 }

      at Object.info (src/utils/logger.ts:15:24)

PASS src/hooks/__tests__/useRefreshOnFocus.test.ts
PASS src/utils/__tests__/currency.test.ts
PASS src/utils/logger.test.ts
PASS __tests__/offline/retry.test.ts
PASS __tests__/chain/paymentRecordingChain.test.ts
PASS src/stores/invoiceStore.test.ts
PASS __tests__/ui/suppliers/detail.test.tsx
  ● Console

    console.info
      [INFO] db_query { table: 'suppliers', op: 'findById', duration_ms: 10 }

      at Object.info (src/utils/logger.ts:15:24)

    console.error
      An update to SupplierDetailScreen inside a test was not wrapped in act(...).
      
      When testing, code that causes React state updates should be wrapped into act(...):
      
      act(() => {
        /* fire events that update state */
      });
      /* assert on the output */
      
      This ensures that you're testing the behavior the user would see in the browser. Learn more at https://react.dev/link/wrap-tests-with-act

      at node_modules/react-test-renderer/cjs/react-test-renderer.development.js:11801:19
      at runWithFiberInDEV (node_modules/react-test-renderer/cjs/react-test-renderer.development.js:1574:13)
      at warnIfUpdatesNotWrappedWithActDEV (node_modules/react-test-renderer/cjs/react-test-renderer.development.js:11800:9)
      at scheduleUpdateOnFiber (node_modules/react-test-renderer/cjs/react-test-renderer.development.js:10326:9)
      at dispatchSetStateInternal (node_modules/react-test-renderer/cjs/react-test-renderer.development.js:4148:13)
      at dispatchSetState (node_modules/react-test-renderer/cjs/react-test-renderer.development.js:4107:7)

    console.error
      An update to SupplierDetailScreen inside a test was not wrapped in act(...).
      
      When testing, code that causes React state updates should be wrapped into act(...):
      
      act(() => {
        /* fire events that update state */
      });
      /* assert on the output */
      
      This ensures that you're testing the behavior the user would see in the browser. Learn more at https://react.dev/link/wrap-tests-with-act

      65 | 				);
      66 | 			})
    > 67 | 			.finally(() => setLoading(false));
         | 			               ^
      68 | 		// eslint-disable-next-line react-hooks/exhaustive-deps
      69 | 	}, [id]);
      70 |

      at node_modules/react-test-renderer/cjs/react-test-renderer.development.js:11801:19
      at runWithFiberInDEV (node_modules/react-test-renderer/cjs/react-test-renderer.development.js:1574:13)
      at warnIfUpdatesNotWrappedWithActDEV (node_modules/react-test-renderer/cjs/react-test-renderer.development.js:11800:9)
      at scheduleUpdateOnFiber (node_modules/react-test-renderer/cjs/react-test-renderer.development.js:10326:9)
      at dispatchSetStateInternal (node_modules/react-test-renderer/cjs/react-test-renderer.development.js:4148:13)
      at dispatchSetState (node_modules/react-test-renderer/cjs/react-test-renderer.development.js:4107:7)
      at setLoading (/Users/rupesh-20594/Documents/T/app/(app)../../../../suppliers/[id].tsx:67:19)

    console.info
      [INFO] db_query { table: 'suppliers', op: 'findById', duration_ms: 5 }

      at Object.info (src/utils/logger.ts:15:24)

    console.error
      An update to SupplierDetailScreen inside a test was not wrapped in act(...).
      
      When testing, code that causes React state updates should be wrapped into act(...):
      
      act(() => {
        /* fire events that update state */
      });
      /* assert on the output */
      
      This ensures that you're testing the behavior the user would see in the browser. Learn more at https://react.dev/link/wrap-tests-with-act

      at node_modules/react-test-renderer/cjs/react-test-renderer.development.js:11801:19
      at runWithFiberInDEV (node_modules/react-test-renderer/cjs/react-test-renderer.development.js:1574:13)
      at warnIfUpdatesNotWrappedWithActDEV (node_modules/react-test-renderer/cjs/react-test-renderer.development.js:11800:9)
      at scheduleUpdateOnFiber (node_modules/react-test-renderer/cjs/react-test-renderer.development.js:10326:9)
      at dispatchSetStateInternal (node_modules/react-test-renderer/cjs/react-test-renderer.development.js:4148:13)
      at dispatchSetState (node_modules/react-test-renderer/cjs/react-test-renderer.development.js:4107:7)

    console.error
      An update to SupplierDetailScreen inside a test was not wrapped in act(...).
      
      When testing, code that causes React state updates should be wrapped into act(...):
      
      act(() => {
        /* fire events that update state */
      });
      /* assert on the output */
      
      This ensures that you're testing the behavior the user would see in the browser. Learn more at https://react.dev/link/wrap-tests-with-act

      65 | 				);
      66 | 			})
    > 67 | 			.finally(() => setLoading(false));
         | 			               ^
      68 | 		// eslint-disable-next-line react-hooks/exhaustive-deps
      69 | 	}, [id]);
      70 |

      at node_modules/react-test-renderer/cjs/react-test-renderer.development.js:11801:19
      at runWithFiberInDEV (node_modules/react-test-renderer/cjs/react-test-renderer.development.js:1574:13)
      at warnIfUpdatesNotWrappedWithActDEV (node_modules/react-test-renderer/cjs/react-test-renderer.development.js:11800:9)
      at scheduleUpdateOnFiber (node_modules/react-test-renderer/cjs/react-test-renderer.development.js:10326:9)
      at dispatchSetStateInternal (node_modules/react-test-renderer/cjs/react-test-renderer.development.js:4148:13)
      at dispatchSetState (node_modules/react-test-renderer/cjs/react-test-renderer.development.js:4107:7)
      at setLoading (/Users/rupesh-20594/Documents/T/app/(app)../../../../suppliers/[id].tsx:67:19)

PASS __tests__/debug_button2.test.tsx
  ● Console

    console.log
      ThemeProvider

      at log (__tests__/debug_button2.test.tsx:22:11)

    console.log
        Button [onPress=function]

      at log (__tests__/debug_button2.test.tsx:22:11)
          at Array.forEach (<anonymous>)

    console.log
          View

      at log (__tests__/debug_button2.test.tsx:22:11)
          at Array.forEach (<anonymous>)
          at Array.forEach (<anonymous>)

    console.log
            View

      at log (__tests__/debug_button2.test.tsx:22:11)
          at Array.forEach (<anonymous>)
          at Array.forEach (<anonymous>)
          at Array.forEach (<anonymous>)

    console.log
              Pressable [onPress=function]

      at log (__tests__/debug_button2.test.tsx:22:11)
          at Array.forEach (<anonymous>)
          at Array.forEach (<anonymous>)
          at Array.forEach (<anonymous>)
          at Array.forEach (<anonymous>)

    console.log
                Pressable [onPress=function]

      at log (__tests__/debug_button2.test.tsx:22:11)
          at Array.forEach (<anonymous>)
          at Array.forEach (<anonymous>)
          at Array.forEach (<anonymous>)
          at Array.forEach (<anonymous>)
          at Array.forEach (<anonymous>)

    console.log
                  Text

      at log (__tests__/debug_button2.test.tsx:22:11)
          at Array.forEach (<anonymous>)
          at Array.forEach (<anonymous>)
          at Array.forEach (<anonymous>)
          at Array.forEach (<anonymous>)
          at Array.forEach (<anonymous>)
          at Array.forEach (<anonymous>)

    console.log
                    Text

      at log (__tests__/debug_button2.test.tsx:22:11)
          at Array.forEach (<anonymous>)
          at Array.forEach (<anonymous>)
          at Array.forEach (<anonymous>)
          at Array.forEach (<anonymous>)
          at Array.forEach (<anonymous>)
          at Array.forEach (<anonymous>)
          at Array.forEach (<anonymous>)

    console.log
                      Unknown

      at log (__tests__/debug_button2.test.tsx:22:11)
          at Array.forEach (<anonymous>)
          at Array.forEach (<anonymous>)
          at Array.forEach (<anonymous>)
          at Array.forEach (<anonymous>)
          at Array.forEach (<anonymous>)
          at Array.forEach (<anonymous>)
          at Array.forEach (<anonymous>)
          at Array.forEach (<anonymous>)

    console.log
      onPressMock called: 0

      at Object.log (__tests__/debug_button2.test.tsx:30:10)

PASS src/utils/__tests__/dateUtils.test.ts
PASS src/stores/notificationStore.test.ts
PASS src/components/atoms/__tests__/Screen.test.tsx
PASS __tests__/ui/customers/aging.test.tsx
PASS src/services/dashboardService.test.ts
PASS src/hooks/__tests__/useConfirmBack.test.ts
PASS __tests__/chain/stockOperationChain.test.ts
PASS src/services/financeService.test.ts
PASS src/utils/__tests__/itemNameParser.test.ts
PASS src/utils/__tests__/color.test.ts
PASS src/stores/__tests__/notificationStore.test.ts
PASS src/services/businessProfileService.test.ts
PASS __tests__/accessibility/inventory.test.tsx
PASS __tests__/ui/navigation/customerList.nav.test.tsx
PASS src/schemas/__tests__/invoice.schema.test.ts
PASS src/repositories/__tests__/paymentRepository.test.ts
  ● Console

    console.info
      [INFO] db_query { table: 'payments', op: 'findMany', duration_ms: 1 }

      at Object.info (src/utils/logger.ts:15:24)

PASS src/repositories/__tests__/expenseRepository.test.ts
  ● Console

    console.info
      [INFO] db_query { table: 'expenses', op: 'create', duration_ms: 0 }

      at Object.info (src/utils/logger.ts:15:24)

    console.info
      [INFO] db_query { table: 'expenses', op: 'findMany', duration_ms: 0 }

      at Object.info (src/utils/logger.ts:15:24)

    console.info
      [INFO] db_query { table: 'expenses', op: 'findMany', duration_ms: 0 }

      at Object.info (src/utils/logger.ts:15:24)

    console.info
      [INFO] db_query { table: 'expenses', op: 'findMany', duration_ms: 0 }

      at Object.info (src/utils/logger.ts:15:24)

PASS src/stores/orderStore.test.ts
PASS src/services/exportService.test.ts
PASS src/stores/authStore.test.ts
PASS src/errors/AppError.test.ts
PASS __tests__/offline/persistence.test.ts
PASS src/schemas/__tests__/payment.schema.test.ts
PASS __tests__/performance/debounce.test.ts
PASS src/services/orderService.test.ts
PASS src/utils/__tests__/formatCurrency.test.ts
PASS src/hooks/__tests__/useNetworkStatus.test.ts
PASS src/services/reportService.test.ts
PASS src/utils/__tests__/html.test.ts
PASS src/services/authService.test.ts
  ● Console

    console.error
      [ERROR] Token refresh failed Error: Refresh token expired
          at /Users/rupesh-20594/Documents/T/src/services/authService.ts:43:43
          at Generator.next (<anonymous>)
          at asyncGeneratorStep (/Users/rupesh-20594/Documents/T/node_modules/@babel/runtime/helpers/asyncToGenerator.js:3:17)
          at _next (/Users/rupesh-20594/Documents/T/node_modules/@babel/runtime/helpers/asyncToGenerator.js:17:9)
          at processTicksAndRejections (node:internal/process/task_queues:95:5) undefined

      21 |
      22 | 	error(msg: string, error?: Error | unknown, meta?: LogMeta) {
    > 23 | 		console.error(`[ERROR] ${msg}`, error, meta);
         | 		        ^
      24 | 		// TODO: Wire to Sentry/Datadog when ready
      25 | 	},
      26 | };

      at Object.error (src/utils/logger.ts:23:11)
      at error (src/services/authService.ts:43:13)
      at asyncGeneratorStep (node_modules/@babel/runtime/helpers/asyncToGenerator.js:3:17)
      at _next (node_modules/@babel/runtime/helpers/asyncToGenerator.js:17:9)

PASS src/services/writeQueueService.test.ts
PASS src/theme/__tests__/colors.test.ts
PASS src/services/pdfService.test.ts
PASS __tests__/cross-screen/itemDetail-stockSync.test.tsx
PASS src/repositories/__tests__/ErrorPropagation.test.ts
  ● Console

    console.info
      [INFO] db_query { table: 'test_table', op: 'findById', duration_ms: 0 }

      at Object.info (src/utils/logger.ts:15:24)

    console.info
      [INFO] db_query { table: 'test_table', op: 'create', duration_ms: 0 }

      at Object.info (src/utils/logger.ts:15:24)

    console.info
      [INFO] db_query { table: 'test_table', op: 'findById', duration_ms: 0 }

      at Object.info (src/utils/logger.ts:15:24)

    console.info
      [INFO] db_query { table: 'test_table', op: 'update', duration_ms: 0 }

      at Object.info (src/utils/logger.ts:15:24)

    console.info
      [INFO] db_query { table: 'test_table', op: 'findMany', duration_ms: 0 }

      at Object.info (src/utils/logger.ts:15:24)

    console.info
      [INFO] db_query { table: 'test_table', op: 'rpc', fn: 'some_fn', duration_ms: 1 }

      at Object.info (src/utils/logger.ts:15:24)

PASS src/stores/__tests__/createPaginatedStore.test.ts
PASS src/components/molecules/__tests__/DatePickerField.test.tsx
PASS src/theme/__tests__/tokens.test.ts
PASS __tests__/schema/rpc.test.ts

Summary of all failing tests
FAIL __tests__/ui/settings/index.test.tsx
  ● SettingsScreen › renders General section

    Unable to find an element with text: General

    [36m<View>[39m
      [36m<View>[39m
        [36m<View>[39m
          [36m<View>[39m
            [36m<Text[39m
              [33maccessibilityRole[39m=[32m"header"[39m
            [36m>[39m
              [0mSettings[0m
            [36m</Text>[39m
          [36m</View>[39m
        [36m</View>[39m
        [36m<ScrollView>[39m
          [36m<Text>[39m
            [0mBUSINESS[0m
          [36m</Text>[39m
          [36m<View>[39m
            [36m<Pressable>[39m
              [36m<View>[39m
                [36m<Text>[39m
                  [0mBusiness Profile[0m
                [36m</Text>[39m
                [36m<Text>[39m
                  [0mName, address, logo[0m
                [36m</Text>[39m
              [36m</View>[39m
              [36m<Text>[39m
                [0m›[0m
              [36m</Text>[39m
            [36m</Pressable>[39m
            [36m<Pressable>[39m
              [36m<View>[39m
                [36m<Text>[39m
                  [0mGST Settings[0m
                [36m</Text>[39m
                [36m<Text>[39m
                  [0mGSTIN, filing period, composite scheme[0m
                [36m</Text>[39m
              [36m</View>[39m
              [36m<Text>[39m
                [0m›[0m
              [36m</Text>[39m
            [36m</Pressable>[39m
            [36m<Pressable>[39m
              [36m<View>[39m
                [36m<Text>[39m
                  [0mManage Businesses[0m
                [36m</Text>[39m
                [36m<Text>[39m
                  [0mSwitch or add firms[0m
                [36m</Text>[39m
              [36m</View>[39m
              [36m<Text>[39m
                [0m›[0m
              [36m</Text>[39m
            [36m</Pressable>[39m
          [36m</View>[39m
          [36m<Text>[39m
            [0mTRANSACTIONS[0m
          [36m</Text>[39m
          [36m<View>[39m
            [36m<Pressable>[39m
              [36m<View>[39m
                [36m<Text>[39m
                  [0mTransaction Settings[0m
                [36m</Text>[39m
                [36m<Text>[39m
                  [0mInvoice number, defaults, fields[0m
                [36m</Text>[39m
              [36m</View>[39m
              [36m<Text>[39m
                [0m›[0m
              [36m</Text>[39m
            [36m</Pressable>[39m
            [36m<Pressable>[39m
              [36m<View>[39m
                [36m<Text>[39m
                  [0mPrint Settings[0m
                [36m</Text>[39m
                [36m<Text>[39m
                  [0mPaper type, theme, header, footer[0m
                [36m</Text>[39m
              [36m</View>[39m
              [36m<Text>[39m
                [0m›[0m
              [36m</Text>[39m
            [36m</Pressable>[39m
            [36m<Pressable>[39m
              [36m<View>[39m
                [36m<Text>[39m
                  [0mPayment Reminders[0m
                [36m</Text>[39m
                [36m<Text>[39m
                  [0mAuto-reminders via WhatsApp/SMS[0m
                [36m</Text>[39m
              [36m</View>[39m
              [36m<Text>[39m
                [0m›[0m
              [36m</Text>[39m
            [36m</Pressable>[39m
          [36m</View>[39m
          [36m<Text>[39m
            [0mCATALOGUE[0m
          [36m</Text>[39m
          [36m<View>[39m
            [36m<Pressable>[39m
              [36m<View>[39m
                [36m<Text>[39m
                  [0mParty Settings[0m
                [36m</Text>[39m
                [36m<Text>[39m
                  [0mGSTIN, grouping, additional fields[0m
                [36m</Text>[39m
              [36m</View>[39m
              [36m<Text>[39m
                [0m›[0m
              [36m</Text>[39m
            [36m</Pressable>[39m
            [36m<Pressable>[39m
              [36m<View>[39m
                [36m<Text>[39m
                  [0mItem Settings[0m
                [36m</Text>[39m
                [36m<Text>[39m
                  [0mStock, categories, tax, barcode[0m
                [36m</Text>[39m
              [36m</View>[39m
              [36m<Text>[39m
                [0m›[0m
              [36m</Text>[39m
            [36m</Pressable>[39m
          [36m</View>[39m
          [36m<Text>[39m
            [0mAPP[0m
          [36m</Text>[39m
          [36m<View>[39m
            [36m<Pressable>[39m
              [36m<View>[39m
                [36m<Text>[39m
                  [0mPreferences[0m
                [36m</Text>[39m
                [36m<Text>[39m
                  [0mLanguage, theme, date format[0m
                [36m</Text>[39m
              [36m</View>[39m
              [36m<Text>[39m
                [0m›[0m
              [36m</Text>[39m
            [36m</Pressable>[39m
            [36m<Pressable>[39m
              [36m<View>[39m
                [36m<Text>[39m
                  [0mSecurity[0m
                [36m</Text>[39m
                [36m<Text>[39m
                  [0mPIN, biometric, auto-lock[0m
                [36m</Text>[39m
              [36m</View>[39m
              [36m<Text>[39m
                [0m›[0m
              [36m</Text>[39m
            [36m</Pressable>[39m
            [36m<Pressable>[39m
              [36m<View>[39m
                [36m<Text>[39m
                  [0mBackup & Restore[0m
                [36m</Text>[39m
                [36m<Text>[39m
                  [0mGoogle Drive, local backup[0m
                [36m</Text>[39m
              [36m</View>[39m
              [36m<Text>[39m
                [0m›[0m
              [36m</Text>[39m
            [36m</Pressable>[39m
          [36m</View>[39m
          [36m<Text>[39m
            [0mTEAM[0m
          [36m</Text>[39m
          [36m<View>[39m
            [36m<Pressable>[39m
              [36m<View>[39m
                [36m<Text>[39m
                  [0mUser Management[0m
                [36m</Text>[39m
                [36m<Text>[39m
                  [0mInvite staff, track by user[0m
                [36m</Text>[39m
              [36m</View>[39m
              [36m<Text>[39m
                [0m›[0m
              [36m</Text>[39m
            [36m</Pressable>[39m
          [36m</View>[39m
        [36m</ScrollView>[39m
      [36m</View>[39m
    [36m</View>[39m

      19 | 	it('renders General section', () => {
      20 | 		const { getByText } = renderWithTheme(<SettingsScreen />);
    > 21 | 		expect(getByText('General')).toBeTruthy();
         | 		       ^
      22 | 	});
      23 |
      24 | 	it('renders without crashing', () => {

      at Object.getByText (__tests__/ui/settings/index.test.tsx:21:10)

FAIL src/components/organisms/__tests__/DashboardHeader.test.tsx
  ● DashboardHeader › renders the business initial and accessibility label

    expect(received).toContain(expected) // indexOf

    Matcher error: received value must not be null nor undefined

    Received has value: undefined

      15 | 		// Full name should be in the header's accessibility label
      16 | 		const header = getByRole('header');
    > 17 | 		expect(header.props.accessibilityLabel).toContain('Rupesh Tiles');
         | 		                                        ^
      18 | 	});
      19 |
      20 | 	it('renders greeting text', () => {

      at Object.toContain (src/components/organisms/__tests__/DashboardHeader.test.tsx:17:43)

  ● DashboardHeader › renders greeting text

    Unable to find an element with text: /greeting|Namaste|Welcome|��/i

    [36m<View[39m
      [33maccessibilityLabel[39m=[32m"Good Evening, My Tiles"[39m
      [33maccessibilityRole[39m=[32m"header"[39m
    [36m>[39m
      [36m<View>[39m
        [36m<View[39m
          [33maccessibilityLabel[39m=[32m"Business initial: M"[39m
          [33maccessible[39m=[32m{true}[39m
        [36m>[39m
          [36m<Text[39m
            [33maccessibilityRole[39m=[32m"header"[39m
          [36m>[39m
            [0mM[0m
          [36m</Text>[39m
        [36m</View>[39m
        [36m<View[39m
          [33mimportantForAccessibility[39m=[32m"no"[39m
        [36m>[39m
          [36m<View>[39m
            [36m<Text[39m
              [33mimportantForAccessibility[39m=[32m"no"[39m
            [36m>[39m
              [0mGood Evening[0m
            [36m</Text>[39m
            [36m<Text[39m
              [33mimportantForAccessibility[39m=[32m"no"[39m
            [36m>[39m
              [0mनमस्ते[0m
            [36m</Text>[39m
          [36m</View>[39m
          [36m<Text[39m
            [33mimportantForAccessibility[39m=[32m"no"[39m
          [36m>[39m
            [0mSaturday 11 April, 2026[0m
          [36m</Text>[39m
        [36m</View>[39m
        [36m<Pressable[39m
          [33maccessibilityLabel[39m=[32m"sync"[39m
          [33maccessibilityRole[39m=[32m"button"[39m
        [36m>[39m
          [36m<Icon />[39m
        [36m</Pressable>[39m
      [36m</View>[39m
      [36m<View[39m
        [33maccessibilityLabel[39m=[32m"Financial year: FY 2026-27 · Apr – Mar"[39m
        [33maccessible[39m=[32m{true}[39m
      [36m>[39m
        [36m<Text>[39m
          [0mFY 2026-27 · Apr – Mar[0m
        [36m</Text>[39m
      [36m</View>[39m
    [36m</View>[39m

      22 | 		// i18n mock returns last key segment, 'greeting' → 'greeting' or the translation
      23 | 		// The component uses t('dashboard.greeting') — expect some text to render
    > 24 | 		expect(getByText(/greeting|Namaste|Welcome|��/i)).toBeTruthy();
         | 		       ^
      25 | 	});
      26 |
      27 | 	it('renders date in the header', () => {

      at Object.getByText (src/components/organisms/__tests__/DashboardHeader.test.tsx:24:10)

FAIL __tests__/ui/invoices/[id].test.tsx
  ● InvoiceDetailScreen › renders invoice details correctly

    Unable to find an element with text: /Amount Paid/i

    [36m<View>[39m
      [36m<View>[39m
        [36m<View>[39m
          [36m<View>[39m
            [36m<TouchableOpacity[39m
              [33maccessibilityLabel[39m=[32m"Go back"[39m
              [33maccessibilityRole[39m=[32m"button"[39m
            [36m>[39m
              [36m<Icon />[39m
            [36m</TouchableOpacity>[39m
            [36m<Text[39m
              [33maccessibilityRole[39m=[32m"header"[39m
            [36m>[39m
              [0mTM/2026-27/0001[0m
            [36m</Text>[39m
          [36m</View>[39m
          [36m<View>[39m
            [36m<TouchableOpacity[39m
              [33maccessibilityLabel[39m=[32m"more-options"[39m
              [33maccessibilityRole[39m=[32m"button"[39m
            [36m>[39m
              [36m<Icon />[39m
            [36m</TouchableOpacity>[39m
          [36m</View>[39m
        [36m</View>[39m
        [36m<ScrollView>[39m
          [36m<View>[39m
            [36m<View>[39m
              [36m<View[39m
                [33maccessibilityLabel[39m=[32m"Paid"[39m
                [33maccessible[39m=[32m{true}[39m
              [36m>[39m
                [36m<Text[39m
                  [33mimportantForAccessibility[39m=[32m"no"[39m
                [36m>[39m
                  [0mPaid[0m
                [36m</Text>[39m
              [36m</View>[39m
              [36m<Text[39m
                [33maccessibilityRole[39m=[32m"header"[39m
              [36m>[39m
                [0m₹11682[0m
              [36m</Text>[39m
            [36m</View>[39m
          [36m</View>[39m
          [36m<View>[39m
            [36m<View>[39m
              [36m<Text>[39m
                [0mTAX INVOICE[0m
              [36m</Text>[39m
              [36m<Text[39m
                [33maccessibilityRole[39m=[32m"header"[39m
              [36m>[39m
                [0mTest Customer[0m
              [36m</Text>[39m
            [36m</View>[39m
            [36m<View>[39m
              [36m<View>[39m
                [36m<Text>[39m
                  [0mInvoice No.[0m
                [36m</Text>[39m
                [36m<Text>[39m
                  [0mTM/2026-27/0001[0m
                [36m</Text>[39m
              [36m</View>[39m
              [36m<View>[39m
                [36m<Text>[39m
                  [0mInvoice Date[0m
                [36m</Text>[39m
                [36m<Text>[39m
                  [0m2026-03-22[0m
                [36m</Text>[39m
              [36m</View>[39m
            [36m</View>[39m
          [36m</View>[39m
          [36m<View>[39m
            [36m<View>[39m
              [36m<Text>[39m
                [0mBILLED TO[0m
              [36m</Text>[39m
            [36m</View>[39m
            [36m<View>[39m
              [36m<Text[39m
                [33maccessibilityRole[39m=[32m"header"[39m
              [36m>[39m
                [0mTest Customer[0m
              [36m</Text>[39m
            [36m</View>[39m
          [36m</View>[39m
          [36m<View>[39m
            [36m<View>[39m
              [36m<Text>[39m
                [0mITEM[0m
              [36m</Text>[39m
              [36m<Text>[39m
                [0mQTY[0m
              [36m</Text>[39m
              [36m<Text>[39m
                [0mRATE[0m
              [36m</Text>[39m
              [36m<Text>[39m
                [0mGST%[0m
              [36m</Text>[39m
              [36m<Text>[39m
                [0mAMT[0m
              [36m</Text>[39m
            [36m</View>[39m
            [36m<View>[39m
              [36m<View>[39m
                [36m<Text>[39m
                  [0mMarble gold[0m
                [36m</Text>[39m
              [36m</View>[39m
              [36m<Text>[39m
                [0m10[0m
              [36m</Text>[39m
              [36m<Text>[39m
                [0m₹1000[0m
              [36m</Text>[39m
              [36m<Text>[39m
                [0m%[0m
              [36m</Text>[39m
              [36m<Text>[39m
                [0m₹11682[0m
              [36m</Text>[39m
            [36m</View>[39m
          [36m</View>[39m
          [36m<View>[39m
            [36m<View>[39m
              [36m<Text>[39m
                [0mSUMMARY[0m
              [36m</Text>[39m
            [36m</View>[39m
            [36m<View>[39m
              [36m<View>[39m
                [36m<Text>[39m
                  [0mSubtotal[0m
                [36m</Text>[39m
                [36m<Text>[39m
                  [0m₹9900[0m
                [36m</Text>[39m
              [36m</View>[39m
              [36m<View>[39m
                [36m<Text>[39m
                  [0mCGST[0m
                [36m</Text>[39m
                [36m<Text>[39m
                  [0m₹891[0m
                [36m</Text>[39m
              [36m</View>[39m
              [36m<View>[39m
                [36m<Text>[39m
                  [0mSGST[0m
                [36m</Text>[39m
                [36m<Text>[39m
                  [0m₹891[0m
                [36m</Text>[39m
              [36m</View>[39m
              [36m<View[39m
                [33maccessible[39m=[32m{false}[39m
                [33mimportantForAccessibility[39m=[32m"no"[39m
              [36m/>[39m
              [36m<View>[39m
                [36m<Text>[39m
                  [0mGrand Total[0m
                [36m</Text>[39m
                [36m<Text>[39m
                  [0m₹11682[0m
                [36m</Text>[39m
              [36m</View>[39m
            [36m</View>[39m
          [36m</View>[39m
          [36m<View>[39m
            [36m<Text>[39m
              [0mRupees Eleven Thousand Six Hundred Eighty Two Only[0m
            [36m</Text>[39m
          [36m</View>[39m
          [36m<View>[39m
            [36m<TouchableOpacity[39m
              [33maccessibilityLabel[39m=[32m"Toggle payment history"[39m
              [33maccessibilityRole[39m=[32m"button"[39m
            [36m>[39m
              [36m<Text>[39m
                [0mPAYMENTS[0m
              [36m</Text>[39m
              [36m<Icon />[39m
            [36m</TouchableOpacity>[39m
            [36m<View>[39m
              [36m<View>[39m
                [36m<Text>[39m
                  [0mAmount Received[0m
                [36m</Text>[39m
                [36m<Text>[39m
                  [0m₹11682[0m
                [36m</Text>[39m
              [36m</View>[39m
              [36m<View[39m
                [33maccessible[39m=[32m{false}[39m
                [33mimportantForAccessibility[39m=[32m"no"[39m
              [36m/>[39m
              [36m<View>[39m
                [36m<Text>[39m
                  [0mTotal Received[0m
                [36m</Text>[39m
                [36m<Text>[39m
                  [0m₹11682[0m
                [36m</Text>[39m
              [36m</View>[39m
              [36m<View>[39m
                [36m<Text>[39m
                  [0mBalance Due[0m
                [36m</Text>[39m
                [36m<Text>[39m
                  [0m₹0[0m
                [36m</Text>[39m
              [36m</View>[39m
            [36m</View>[39m
          [36m</View>[39m
        [36m</ScrollView>[39m
        [36m<View>[39m
          [36m<View>[39m
            [36m<View>[39m
              [36m<Pressable[39m
                [33maccessibilityLabel[39m=[32m"share-pdf-button"[39m
                [33maccessibilityRole[39m=[32m"button"[39m
                [33maccessibilityState[39m=[32m{
                  {
                    "busy": false,
                    "disabled": false,
                  }
                }[39m
              [36m>[39m
                [36m<Icon />[39m
                [36m<Text>[39m
                  [0mShare PDF[0m
                [36m</Text>[39m
              [36m</Pressable>[39m
            [36m</View>[39m
            [36m<TouchableOpacity[39m
              [33maccessibilityLabel[39m=[32m"print-invoice"[39m
              [33maccessibilityRole[39m=[32m"button"[39m
            [36m>[39m
              [36m<Icon />[39m
            [36m</TouchableOpacity>[39m
            [36m<TouchableOpacity[39m
              [33maccessibilityLabel[39m=[32m"edit-invoice"[39m
              [33maccessibilityRole[39m=[32m"button"[39m
            [36m>[39m
              [36m<Icon />[39m
            [36m</TouchableOpacity>[39m
          [36m</View>[39m
        [36m</View>[39m
      [36m</View>[39m
    [36m</View>[39m

      64 | 		const { getByText, getAllByText } = renderWithTheme(<InvoiceDetailScreen />);
      65 |
    > 66 | 		await waitFor(() => {
         | 		             ^
      67 | 			expect(getAllByText('TM/2026-27/0001')[0]).toBeTruthy();
      68 | 			expect(getAllByText('Test Customer')[0]).toBeTruthy();
      69 | 			expect(getAllByText(/Amount Paid/i).length).toBeGreaterThan(0);

      at Object.<anonymous> (__tests__/ui/invoices/[id].test.tsx:66:16)
      at asyncGeneratorStep (node_modules/@babel/runtime/helpers/asyncToGenerator.js:3:17)
      at _next (node_modules/@babel/runtime/helpers/asyncToGenerator.js:17:9)
      at node_modules/@babel/runtime/helpers/asyncToGenerator.js:22:7
      at Object.<anonymous> (node_modules/@babel/runtime/helpers/asyncToGenerator.js:14:12)

FAIL __tests__/ui/inventory/add.test.tsx
  ● AddItemScreen › shows validation errors for required fields

    Found multiple elements with text: Required

    [36m<View>[39m
      [36m<View>[39m
        [36m<View>[39m
          [36m<View>[39m
            [36m<TouchableOpacity[39m
              [33maccessibilityLabel[39m=[32m"Go back"[39m
              [33maccessibilityRole[39m=[32m"button"[39m
            [36m>[39m
              [36m<Icon />[39m
            [36m</TouchableOpacity>[39m
            [36m<Text[39m
              [33maccessibilityRole[39m=[32m"header"[39m
            [36m>[39m
              [0mAdd Item[0m
            [36m</Text>[39m
          [36m</View>[39m
        [36m</View>[39m
        [36m<ScrollView>[39m
          [36m<Text[39m
            [33maccessibilityRole[39m=[32m"header"[39m
          [36m>[39m
            [0mBasic Info[0m
          [36m</Text>[39m
          [36m<View>[39m
            [36m<View[39m
              [33mimportantForAccessibility[39m=[32m"no"[39m
            [36m>[39m
              [36m<Text>[39m
                [0mDesign Name[0m
              [36m</Text>[39m
              [36m<Text>[39m
                [0m*[0m
              [36m</Text>[39m
            [36m</View>[39m
            [36m<View>[39m
              [36m<View>[39m
                [36m<TextInput[39m
                  [33maccessibilityHint[39m=[32m"Required. Error: Required"[39m
                  [33maccessibilityLabel[39m=[32m"Design Name"[39m
                  [33maccessible[39m=[32m{true}[39m
                  [33mplaceholder[39m=[32m"जैसे: सफेद ग्लॉसी टाइल 60×60"[39m
                  [33mvalue[39m=[32m""[39m
                [36m/>[39m
              [36m</View>[39m
            [36m</View>[39m
            [36m<Text[39m
              [33mimportantForAccessibility[39m=[32m"no"[39m
            [36m>[39m
              [0mRequired[0m
            [36m</Text>[39m
          [36m</View>[39m
          [36m<Text>[39m
            [0mItem Code / SKU[0m
          [36m</Text>[39m
          [36m<View>[39m
            [36m<View>[39m
              [36m<TextInput[39m
                [33mplaceholder[39m=[32m"e.g. WGT-6060"[39m
                [33mvalue[39m=[32m""[39m
              [36m/>[39m
            [36m</View>[39m
            [36m<TouchableOpacity[39m
              [33maccessibilityRole[39m=[32m"button"[39m
            [36m>[39m
              [36m<Icon />[39m
              [36m<Text>[39m
                [0mAuto[0m
              [36m</Text>[39m
            [36m</TouchableOpacity>[39m
          [36m</View>[39m
          [36m<Text>[39m
            [0mCategory *[0m
          [36m</Text>[39m
          [36m<View>[39m
            [36m<TouchableOpacity[39m
              [33maccessibilityRole[39m=[32m"button"[39m
            [36m>[39m
              [36m<Text>[39m
                [0mGLOSSY[0m
              [36m</Text>[39m
            [36m</TouchableOpacity>[39m
            [36m<TouchableOpacity[39m
              [33maccessibilityRole[39m=[32m"button"[39m
            [36m>[39m
              [36m<Text>[39m
                [0mFLOOR[0m
              [36m</Text>[39m
            [36m</TouchableOpacity>[39m
            [36m<TouchableOpacity[39m
              [33maccessibilityRole[39m=[32m"button"[39m
            [36m>[39m
              [36m<Text>[39m
                [0mMATT[0m
              [36m</Text>[39m
            [36m</TouchableOpacity>[39m
            [36m<TouchableOpacity[39m
              [33maccessibilityRole[39m=[32m"button"[39m
            [36m>[39m
              [36m<Text>[39m
                [0mSATIN[0m
              [36m</Text>[39m
            [36m</TouchableOpacity>[39m
            [36m<TouchableOpacity[39m
              [33maccessibilityRole[39m=[32m"button"[39m
            [36m>[39m
              [36m<Text>[39m
                [0mWOODEN[0m
              [36m</Text>[39m
            [36m</TouchableOpacity>[39m
            [36m<TouchableOpacity[39m
              [33maccessibilityRole[39m=[32m"button"[39m
            [36m>[39m
              [36m<Text>[39m
                [0mELEVATION[0m
              [36m</Text>[39m
            [36m</TouchableOpacity>[39m
            [36m<TouchableOpacity[39m
              [33maccessibilityRole[39m=[32m"button"[39m
            [36m>[39m
              [36m<Text>[39m
                [0mOTHER[0m
              [36m</Text>[39m
            [36m</TouchableOpacity>[39m
          [36m</View>[39m
          [36m<View>[39m
            [36m<View[39m
              [33mimportantForAccessibility[39m=[32m"no"[39m
            [36m>[39m
              [36m<Text>[39m
                [0mDescription[0m
              [36m</Text>[39m
            [36m</View>[39m
            [36m<View>[39m
              [36m<View>[39m
                [36m<TextInput[39m
                  [33maccessibilityLabel[39m=[32m"Description"[39m
                  [33maccessible[39m=[32m{true}[39m
                  [33mplaceholder[39m=[32m"Optional product description (max 500 chars)"[39m
                  [33mvalue[39m=[32m""[39m
                [36m/>[39m
              [36m</View>[39m
            [36m</View>[39m
          [36m</View>[39m
          [36m<Text[39m
            [33maccessibilityRole[39m=[32m"header"[39m
          [36m>[39m
            [0mPricing[0m
          [36m</Text>[39m
          [36m<View>[39m
            [36m<View>[39m
              [36m<View>[39m
                [36m<View[39m
                  [33mimportantForAccessibility[39m=[32m"no"[39m
                [36m>[39m
                  [36m<Text>[39m
                    [0mSale Price (₹)[0m
                  [36m</Text>[39m
                  [36m<Text>[39m
                    [0m*[0m
                  [36m</Text>[39m
                [36m</View>[39m
                [36m<View>[39m
                  [36m<View>[39m
                    [36m<TextInput[39m
                      [33maccessibilityHint[39m=[32m"Required. Error: Required"[39m
                      [33maccessibilityLabel[39m=[32m"Sale Price (₹)"[39m
                      [33maccessible[39m=[32m{true}[39m
                      [33mplaceholder[39m=[32m"0.00"[39m
                      [33mvalue[39m=[32m""[39m
                    [36m/>[39m
                  [36m</View>[39m
                [36m</View>[39m
                [36m<Text[39m
                  [33mimportantForAccessibility[39m=[32m"no"[39m
                [36m>[39m
                  [0mRequired[0m
                [36m</Text>[39m
              [36m</View>[39m
            [36m</View>[39m
            [36m<View>[39m
              [36m<View>[39m
                [36m<View[39m
                  [33mimportantForAccessibility[39m=[32m"no"[39m
                [36m>[39m
                  [36m<Text>[39m
                    [0mCost Price (₹)[0m
                  [36m</Text>[39m
                [36m</View>[39m
                [36m<View>[39m
                  [36m<View>[39m
                    [36m<TextInput[39m
                      [33maccessibilityLabel[39m=[32m"Cost Price (₹)"[39m
                      [33maccessible[39m=[32m{true}[39m
                      [33mplaceholder[39m=[32m"0.00"[39m
                      [33mvalue[39m=[32m""[39m
                    [36m/>[39m
                  [36m</View>[39m
                [36m</View>[39m
              [36m</View>[39m
            [36m</View>[39m
          [36m</View>[39m
          [36m<View>[39m
            [36m<View>[39m
              [36m<View>[39m
                [36m<View[39m
                  [33mimportantForAccessibility[39m=[32m"no"[39m
                [36m>[39m
                  [36m<Text>[39m
                    [0mMRP (₹)[0m
                  [36m</Text>[39m
                [36m</View>[39m
                [36m<View>[39m
                  [36m<View>[39m
                    [36m<TextInput[39m
                      [33maccessibilityLabel[39m=[32m"MRP (₹)"[39m
                      [33maccessible[39m=[32m{true}[39m
                      [33mplaceholder[39m=[32m"0.00"[39m
                      [33mvalue[39m=[32m""[39m
                    [36m/>[39m
                  [36m</View>[39m
                [36m</View>[39m
              [36m</View>[39m
            [36m</View>[39m
            [36m<View>[39m
              [36m<View>[39m
                [36m<View[39m
                  [33mimportantForAccessibility[39m=[32m"no"[39m
                [36m>[39m
                  [36m<Text>[39m
                    [0mDefault Discount %[0m
                  [36m</Text>[39m
                [36m</View>[39m
                [36m<View>[39m
                  [36m<View>[39m
                    [36m<TextInput[39m
                      [33maccessibilityLabel[39m=[32m"Default Discount %"[39m
                      [33maccessible[39m=[32m{true}[39m
                      [33mplaceholder[39m=[32m"0–100"[39m
                      [33mvalue[39m=[32m""[39m
                    [36m/>[39m
                  [36m</View>[39m
                [36m</View>[39m
              [36m</View>[39m
            [36m</View>[39m
          [36m</View>[39m
          [36m<Text[39m
            [33maccessibilityRole[39m=[32m"header"[39m
          [36m>[39m
            [0mTax[0m
          [36m</Text>[39m
          [36m<Text>[39m
            [0mGST Rate *[0m
          [36m</Text>[39m
          [36m<View>[39m
            [36m<TouchableOpacity[39m
              [33maccessibilityRole[39m=[32m"button"[39m
            [36m>[39m
              [36m<Text>[39m
                [0m0%[0m
              [36m</Text>[39m
            [36m</TouchableOpacity>[39m
            [36m<TouchableOpacity[39m
              [33maccessibilityRole[39m=[32m"button"[39m
            [36m>[39m
              [36m<Text>[39m
                [0m5%[0m
              [36m</Text>[39m
            [36m</TouchableOpacity>[39m
            [36m<TouchableOpacity[39m
              [33maccessibilityRole[39m=[32m"button"[39m
            [36m>[39m
              [36m<Text>[39m
                [0m12%[0m
              [36m</Text>[39m
            [36m</TouchableOpacity>[39m
            [36m<TouchableOpacity[39m
              [33maccessibilityRole[39m=[32m"button"[39m
            [36m>[39m
              [36m<Text>[39m
                [0m18%[0m
              [36m</Text>[39m
            [36m</TouchableOpacity>[39m
            [36m<TouchableOpacity[39m
              [33maccessibilityRole[39m=[32m"button"[39m
            [36m>[39m
              [36m<Text>[39m
                [0m28%[0m
              [36m</Text>[39m
            [36m</TouchableOpacity>[39m
          [36m</View>[39m
          [36m<View>[39m
            [36m<Text>[39m
              [0mOn ₹1000: CGST ₹90.00 + SGST ₹90.00 = Total ₹1180.00[0m
            [36m</Text>[39m
          [36m</View>[39m
          [36m<View>[39m
            [36m<View[39m
              [33mimportantForAccessibility[39m=[32m"no"[39m
            [36m>[39m
              [36m<Text>[39m
                [0mHSN Code[0m
              [36m</Text>[39m
            [36m</View>[39m
            [36m<View>[39m
              [36m<View>[39m
                [36m<TextInput[39m
                  [33maccessibilityLabel[39m=[32m"HSN Code"[39m
                  [33maccessible[39m=[32m{true}[39m
                  [33mplaceholder[39m=[32m"e.g. 6908"[39m
                  [33mvalue[39m=[32m"6908"[39m
                [36m/>[39m
              [36m</View>[39m
            [36m</View>[39m
          [36m</View>[39m
          [36m<Text[39m
            [33maccessibilityRole[39m=[32m"header"[39m
          [36m>[39m
            [0mStock & Units[0m
          [36m</Text>[39m
          [36m<View>[39m
            [36m<View>[39m
              [36m<Text>[39m
                [0mTrack Stock[0m
              [36m</Text>[39m
              [36m<Text>[39m
                [0mMonitor quantity and get low-stock alerts[0m
              [36m</Text>[39m
            [36m</View>[39m
            [36m<Switch[39m
              [33mvalue[39m=[32m{true}[39m
            [36m/>[39m
          [36m</View>[39m
          [36m<Text>[39m
            [0mPrimary Unit[0m
          [36m</Text>[39m
          [36m<View>[39m
            [36m<TouchableOpacity[39m
              [33maccessibilityRole[39m=[32m"button"[39m
            [36m>[39m
              [36m<Text>[39m
                [0mPcs[0m
              [36m</Text>[39m
            [36m</TouchableOpacity>[39m
            [36m<TouchableOpacity[39m
              [33maccessibilityRole[39m=[32m"button"[39m
            [36m>[39m
              [36m<Text>[39m
                [0mBox[0m
              [36m</Text>[39m
            [36m</TouchableOpacity>[39m
            [36m<TouchableOpacity[39m
              [33maccessibilityRole[39m=[32m"button"[39m
            [36m>[39m
              [36m<Text>[39m
                [0mKg[0m
              [36m</Text>[39m
            [36m</TouchableOpacity>[39m
            [36m<TouchableOpacity[39m
              [33maccessibilityRole[39m=[32m"button"[39m
            [36m>[39m
              [36m<Text>[39m
                [0mMeter[0m
              [36m</Text>[39m
            [36m</TouchableOpacity>[39m
            [36m<TouchableOpacity[39m
              [33maccessibilityRole[39m=[32m"button"[39m
            [36m>[39m
              [36m<Text>[39m
                [0mSq.ft[0m
              [36m</Text>[39m
            [36m</TouchableOpacity>[39m
            [36m<TouchableOpacity[39m
              [33maccessibilityRole[39m=[32m"button"[39m
            [36m>[39m
              [36m<Text>[39m
                [0mSq.meter[0m
              [36m</Text>[39m
            [36m</TouchableOpacity>[39m
            [36m<TouchableOpacity[39m
              [33maccessibilityRole[39m=[32m"button"[39m
            [36m>[39m
              [36m<Text>[39m
                [0mSet[0m
              [36m</Text>[39m
            [36m</TouchableOpacity>[39m
          [36m</View>[39m
          [36m<View>[39m
            [36m<View>[39m
              [36m<View>[39m
                [36m<View[39m
                  [33mimportantForAccessibility[39m=[32m"no"[39m
                [36m>[39m
                  [36m<Text>[39m
                    [0mOpening Stock (Box)[0m
                  [36m</Text>[39m
                [36m</View>[39m
                [36m<View>[39m
                  [36m<View>[39m
                    [36m<TextInput[39m
                      [33maccessibilityLabel[39m=[32m"Opening Stock (Box)"[39m
                      [33maccessible[39m=[32m{true}[39m
                      [33meditable[39m=[32m{true}[39m
                      [33mplaceholder[39m=[32m"0"[39m
                      [33mvalue[39m=[32m"0"[39m
                    [36m/>[39m
                  [36m</View>[39m
                [36m</View>[39m
              [36m</View>[39m
            [36m</View>[39m
            [36m<View>[39m
              [36m<View>[39m
                [36m<View[39m
                  [33mimportantForAccessibility[39m=[32m"no"[39m
                [36m>[39m
                  [36m<Text>[39m
                    [0mLow Stock Alert[0m
                  [36m</Text>[39m
                [36m</View>[39m
                [36m<View>[39m
                  [36m<View>[39m
                    [36m<TextInput[39m
                      [33maccessibilityLabel[39m=[32m"Low Stock Alert"[39m
                      [33maccessible[39m=[32m{true}[39m
                      [33mplaceholder[39m=[32m"5"[39m
                      [33mvalue[39m=[32m"5"[39m
                    [36m/>[39m
                  [36m</View>[39m
                [36m</View>[39m
              [36m</View>[39m
            [36m</View>[39m
          [36m</View>[39m
          [36m<View>[39m
            [36m<View>[39m
              [36m<Text>[39m
                [0mSecondary Unit[0m
              [36m</Text>[39m
              [36m<Text>[39m
                [0me.g. sell in Pcs but stock in Box[0m
              [36m</Text>[39m
            [36m</View>[39m
            [36m<Switch[39m
              [33mvalue[39m=[32m{false}[39m
            [36m/>[39m
          [36m</View>[39m
          [36m<Text[39m
            [33maccessibilityRole[39m=[32m"header"[39m
          [36m>[39m
            [0mTile Set[0m
          [36m</Text>[39m
          [36m<View>[39m
            [36m<View>[39m
              [36m<View>[39m
                [36m<View[39m
                  [33mimportantForAccessibility[39m=[32m"no"[39m
                [36m>[39m
                  [36m<Text>[39m
                    [0mSize[0m
                  [36m</Text>[39m
                [36m</View>[39m
                [36m<View>[39m
                  [36m<View>[39m
                    [36m<TextInput[39m
                      [33maccessibilityLabel[39m=[32m"Size"[39m
                      [33maccessible[39m=[32m{true}[39m
                      [33mplaceholder[39m=[32m"e.g. 600x600"[39m
                      [33mvalue[39m=[32m""[39m
                    [36m/>[39m
                  [36m</View>[39m
                [36m</View>[39m
              [36m</View>[39m
            [36m</View>[39m
            [36m<View>[39m
              [36m<View>[39m
                [36m<View[39m
                  [33mimportantForAccessibility[39m=[32m"no"[39m
                [36m>[39m
                  [36m<Text>[39m
                    [0mBrand Name[0m
                  [36m</Text>[39m
                [36m</View>[39m
                [36m<View>[39m
                  [36m<View>[39m
                    [36m<TextInput[39m
                      [33maccessibilityLabel[39m=[32m"Brand Name"[39m
                      [33maccessible[39m=[32m{true}[39m
                      [33mplaceholder[39m=[32m"e.g. Somany"[39m
                      [33mvalue[39m=[32m""[39m
                    [36m/>[39m
                  [36m</View>[39m
                [36m</View>[39m
              [36m</View>[39m
            [36m</View>[39m
          [36m</View>[39m
          [36m<View>[39m
            [36m<View>[39m
              [36m<View>[39m
                [36m<View[39m
                  [33mimportantForAccessibility[39m=[32m"no"[39m
                [36m>[39m
                  [36m<Text>[39m
                    [0mPcs / Box[0m
                  [36m</Text>[39m
                [36m</View>[39m
                [36m<View>[39m
                  [36m<View>[39m
                    [36m<TextInput[39m
                      [33maccessibilityLabel[39m=[32m"Pcs / Box"[39m
                      [33maccessible[39m=[32m{true}[39m
                      [33mvalue[39m=[32m""[39m
                    [36m/>[39m
                  [36m</View>[39m
                [36m</View>[39m
              [36m</View>[39m
            [36m</View>[39m
            [36m<View>[39m
              [36m<View>[39m
                [36m<View[39m
                  [33mimportantForAccessibility[39m=[32m"no"[39m
                [36m>[39m
                  [36m<Text>[39m
                    [0mSqft / Box[0m
                  [36m</Text>[39m
                [36m</View>[39m
                [36m<View>[39m
                  [36m<View>[39m
                    [36m<TextInput[39m
                      [33maccessibilityLabel[39m=[32m"Sqft / Box"[39m
                      [33maccessible[39m=[32m{true}[39m
                      [33mvalue[39m=[32m""[39m
                    [36m/>[39m
                  [36m</View>[39m
                [36m</View>[39m
              [36m</View>[39m
            [36m</View>[39m
          [36m</View>[39m
          [36m<View />[39m
        [36m</ScrollView>[39m
        [36m<View>[39m
          [36m<View>[39m
            [36m<Pressable[39m
              [33maccessibilityLabel[39m=[32m"Save Item"[39m
              [33maccessibilityRole[39m=[32m"button"[39m
              [33maccessibilityState[39m=[32m{
                {
                  "busy": false,
                  "disabled": false,
                }
              }[39m
            [36m>[39m
              [36m<Icon />[39m
              [36m<Text>[39m
                [0mSave Item[0m
              [36m</Text>[39m
            [36m</Pressable>[39m
          [36m</View>[39m
        [36m</View>[39m
      [36m</View>[39m
    [36m</View>[39m

      51 |
      52 | 		// findByText already waits.
    > 53 | 		expect(await findByText('Required')).toBeTruthy();
         | 		             ^
      54 | 	});
      55 |
      56 | 	it('successfully submits the form to create an item', async () => {

      at Object.findByText (__tests__/ui/inventory/add.test.tsx:53:16)
      at asyncGeneratorStep (node_modules/@babel/runtime/helpers/asyncToGenerator.js:3:17)
      at _next (node_modules/@babel/runtime/helpers/asyncToGenerator.js:17:9)
      at node_modules/@babel/runtime/helpers/asyncToGenerator.js:22:7
      at Object.<anonymous> (node_modules/@babel/runtime/helpers/asyncToGenerator.js:14:12)


Test Suites: 4 failed, 2 skipped, 170 passed, 174 of 176 total
Tests:       5 failed, 6 skipped, 1314 passed, 1325 total
Snapshots:   0 total
Time:        10.734 s
Ran all test suites.
